
===========================================================================
report_checks -unconstrained
============================================================================
Startpoint: _6303_ (rising edge-triggered flip-flop clocked by wb_clk_i)
Endpoint: io_out[14] (output port clocked by wb_clk_i)
Path Group: wb_clk_i
Path Type: max

Fanout     Cap    Slew   Delay    Time   Description
-----------------------------------------------------------------------------
                  0.15    0.00    0.00   clock wb_clk_i (rise edge)
                          0.00    0.00   clock network delay (ideal)
                  0.15    0.00    0.00 ^ _6303_/CLK (sky130_fd_sc_hd__dfxtp_2)
                  0.04    0.38    0.38 v _6303_/Q (sky130_fd_sc_hd__dfxtp_2)
     5    0.01                           hsv_mixer0.enc0[9] (net)
                  0.04    0.00    0.38 v _3397_/A2 (sky130_fd_sc_hd__a2111o_2)
                  0.10    0.53    0.91 v _3397_/X (sky130_fd_sc_hd__a2111o_2)
     4    0.01                           _2526_ (net)
                  0.10    0.00    0.91 v _3418_/C (sky130_fd_sc_hd__or4_2)
                  0.14    0.72    1.64 v _3418_/X (sky130_fd_sc_hd__or4_2)
     4    0.01                           _2547_ (net)
                  0.14    0.00    1.64 v _3423_/A (sky130_fd_sc_hd__buf_1)
                  0.09    0.19    1.83 v _3423_/X (sky130_fd_sc_hd__buf_1)
     5    0.02                           _2552_ (net)
                  0.09    0.00    1.83 v _3428_/B (sky130_fd_sc_hd__or3_2)
                  0.11    0.54    2.38 v _3428_/X (sky130_fd_sc_hd__or3_2)
     5    0.01                           _2557_ (net)
                  0.11    0.00    2.38 v _3429_/C (sky130_fd_sc_hd__and3_2)
                  0.05    0.26    2.63 v _3429_/X (sky130_fd_sc_hd__and3_2)
     2    0.01                           _2558_ (net)
                  0.05    0.00    2.64 v _3433_/A (sky130_fd_sc_hd__and2_2)
                  0.05    0.18    2.82 v _3433_/X (sky130_fd_sc_hd__and2_2)
     2    0.01                           _2562_ (net)
                  0.05    0.01    2.83 v _3474_/A (sky130_fd_sc_hd__nor2_2)
                  0.15    0.16    2.99 ^ _3474_/Y (sky130_fd_sc_hd__nor2_2)
     3    0.01                           _2603_ (net)
                  0.15    0.01    3.00 ^ _3535_/B1 (sky130_fd_sc_hd__a21oi_2)
                  0.06    0.07    3.07 v _3535_/Y (sky130_fd_sc_hd__a21oi_2)
     3    0.01                           _2664_ (net)
                  0.06    0.00    3.07 v _3538_/B1 (sky130_fd_sc_hd__a211o_2)
                  0.06    0.33    3.40 v _3538_/X (sky130_fd_sc_hd__a211o_2)
     2    0.01                           _2667_ (net)
                  0.06    0.00    3.40 v _3543_/A (sky130_fd_sc_hd__and3_2)
                  0.06    0.21    3.61 v _3543_/X (sky130_fd_sc_hd__and3_2)
     3    0.01                           _2672_ (net)
                  0.06    0.00    3.61 v _3621_/A (sky130_fd_sc_hd__or3_2)
                  0.10    0.53    4.14 v _3621_/X (sky130_fd_sc_hd__or3_2)
     3    0.01                           _2750_ (net)
                  0.10    0.00    4.14 v _3625_/A1 (sky130_fd_sc_hd__a21o_2)
                  0.04    0.22    4.37 v _3625_/X (sky130_fd_sc_hd__a21o_2)
     2    0.01                           _2754_ (net)
                  0.05    0.00    4.37 v _3638_/A2 (sky130_fd_sc_hd__a21o_2)
                  0.06    0.24    4.61 v _3638_/X (sky130_fd_sc_hd__a21o_2)
     3    0.01                           _2767_ (net)
                  0.06    0.00    4.61 v _3639_/B_N (sky130_fd_sc_hd__nor2b_2)
                  0.08    0.19    4.80 v _3639_/Y (sky130_fd_sc_hd__nor2b_2)
     3    0.02                           _2768_ (net)
                  0.08    0.01    4.81 v _3675_/A (sky130_fd_sc_hd__xnor2_2)
                  0.12    0.17    4.99 ^ _3675_/Y (sky130_fd_sc_hd__xnor2_2)
     2    0.00                           _2804_ (net)
                  0.12    0.00    4.99 ^ _3676_/A (sky130_fd_sc_hd__buf_1)
                  0.18    0.20    5.19 ^ _3676_/X (sky130_fd_sc_hd__buf_1)
     5    0.01                           _2805_ (net)
                  0.18    0.00    5.19 ^ _4119_/C_N (sky130_fd_sc_hd__or3b_2)
                  0.09    0.50    5.69 v _4119_/X (sky130_fd_sc_hd__or3b_2)
     2    0.01                           _0384_ (net)
                  0.09    0.00    5.70 v _4122_/C (sky130_fd_sc_hd__and4_2)
                  0.06    0.27    5.96 v _4122_/X (sky130_fd_sc_hd__and4_2)
     3    0.01                           _0387_ (net)
                  0.06    0.00    5.97 v _4124_/B (sky130_fd_sc_hd__or3_2)
                  0.09    0.49    6.45 v _4124_/X (sky130_fd_sc_hd__or3_2)
     2    0.01                           _0389_ (net)
                  0.09    0.00    6.45 v _4145_/A (sky130_fd_sc_hd__and2_2)
                  0.06    0.22    6.67 v _4145_/X (sky130_fd_sc_hd__and2_2)
     3    0.01                           _0410_ (net)
                  0.06    0.01    6.68 v _4216_/B (sky130_fd_sc_hd__xnor2_2)
                  0.07    0.15    6.83 v _4216_/Y (sky130_fd_sc_hd__xnor2_2)
     1    0.01                           _0481_ (net)
                  0.08    0.02    6.85 v _4217_/A (sky130_fd_sc_hd__xnor2_2)
                  0.18    0.22    7.06 ^ _4217_/Y (sky130_fd_sc_hd__xnor2_2)
     2    0.01                           _0482_ (net)
                  0.18    0.01    7.07 ^ _4220_/B (sky130_fd_sc_hd__xnor2_2)
                  0.18    0.16    7.23 ^ _4220_/Y (sky130_fd_sc_hd__xnor2_2)
     2    0.01                           _0485_ (net)
                  0.18    0.00    7.23 ^ _4221_/B_N (sky130_fd_sc_hd__or2b_2)
                  0.05    0.32    7.55 v _4221_/X (sky130_fd_sc_hd__or2b_2)
     1    0.00                           _0486_ (net)
                  0.05    0.00    7.55 v _4222_/B (sky130_fd_sc_hd__and2_2)
                  0.06    0.22    7.78 v _4222_/X (sky130_fd_sc_hd__and2_2)
     2    0.01                           _0487_ (net)
                  0.06    0.01    7.79 v _4223_/B (sky130_fd_sc_hd__xor2_2)
                  0.26    0.25    8.04 ^ _4223_/X (sky130_fd_sc_hd__xor2_2)
     3    0.02                           _0488_ (net)
                  0.26    0.01    8.04 ^ _4473_/A1 (sky130_fd_sc_hd__a211oi_2)
                  0.10    0.14    8.19 v _4473_/Y (sky130_fd_sc_hd__a211oi_2)
     3    0.01                           _0738_ (net)
                  0.10    0.00    8.19 v _4502_/B (sky130_fd_sc_hd__or3_2)
                  0.11    0.53    8.72 v _4502_/X (sky130_fd_sc_hd__or3_2)
     3    0.01                           _0767_ (net)
                  0.11    0.00    8.72 v _4547_/A1 (sky130_fd_sc_hd__a21o_2)
                  0.06    0.24    8.97 v _4547_/X (sky130_fd_sc_hd__a21o_2)
     3    0.01                           _0812_ (net)
                  0.06    0.00    8.97 v _4548_/C (sky130_fd_sc_hd__and3_2)
                  0.03    0.21    9.18 v _4548_/X (sky130_fd_sc_hd__and3_2)
     1    0.00                           _0813_ (net)
                  0.03    0.00    9.18 v _4550_/A (sky130_fd_sc_hd__or2_2)
                  0.06    0.31    9.49 v _4550_/X (sky130_fd_sc_hd__or2_2)
     2    0.00                           _0815_ (net)
                  0.06    0.00    9.50 v _4601_/A1 (sky130_fd_sc_hd__o221a_2)
                  0.04    0.29    9.79 v _4601_/X (sky130_fd_sc_hd__o221a_2)
     1    0.00                           _0866_ (net)
                  0.04    0.00    9.79 v _4611_/A (sky130_fd_sc_hd__or4_2)
                  0.09    0.67   10.46 v _4611_/X (sky130_fd_sc_hd__or4_2)
     1    0.00                           _0876_ (net)
                  0.09    0.00   10.46 v _4612_/C (sky130_fd_sc_hd__or3_2)
                  0.08    0.43   10.90 v _4612_/X (sky130_fd_sc_hd__or3_2)
     1    0.00                           _0877_ (net)
                  0.08    0.00   10.90 v _4616_/A2 (sky130_fd_sc_hd__a31o_2)
                  0.04    0.25   11.15 v _4616_/X (sky130_fd_sc_hd__a31o_2)
     1    0.00                           _0881_ (net)
                  0.04    0.00   11.15 v _4620_/A2 (sky130_fd_sc_hd__a2111o_2)
                  0.07    0.49   11.65 v _4620_/X (sky130_fd_sc_hd__a2111o_2)
     2    0.01                           _0885_ (net)
                  0.07    0.00   11.65 v _4623_/A2 (sky130_fd_sc_hd__a21o_2)
                  0.06    0.26   11.91 v _4623_/X (sky130_fd_sc_hd__a21o_2)
     5    0.01                           _0888_ (net)
                  0.06    0.00   11.91 v _4625_/A2 (sky130_fd_sc_hd__a2111o_2)
                  0.10    0.54   12.45 v _4625_/X (sky130_fd_sc_hd__a2111o_2)
     3    0.01                           _0890_ (net)
                  0.10    0.00   12.45 v _4626_/C (sky130_fd_sc_hd__or3_2)
                  0.12    0.51   12.96 v _4626_/X (sky130_fd_sc_hd__or3_2)
     3    0.02                           _0891_ (net)
                  0.12    0.01   12.97 v _5702_/B (sky130_fd_sc_hd__xnor2_2)
                  0.08    0.18   13.15 v _5702_/Y (sky130_fd_sc_hd__xnor2_2)
     3    0.01                           _1967_ (net)
                  0.08    0.00   13.15 v _5821_/A2 (sky130_fd_sc_hd__o22a_2)
                  0.03    0.23   13.39 v _5821_/X (sky130_fd_sc_hd__o22a_2)
     1    0.00                           _2084_ (net)
                  0.03    0.00   13.39 v _5822_/B1 (sky130_fd_sc_hd__o2bb2a_2)
                  0.05    0.27   13.66 v _5822_/X (sky130_fd_sc_hd__o2bb2a_2)
     2    0.00                           _2085_ (net)
                  0.05    0.00   13.66 v _5848_/B1 (sky130_fd_sc_hd__a22o_2)
                  0.04    0.21   13.87 v _5848_/X (sky130_fd_sc_hd__a22o_2)
     1    0.00                           _2111_ (net)
                  0.04    0.00   13.88 v _5849_/B1 (sky130_fd_sc_hd__a21o_2)
                  0.04    0.19   14.07 v _5849_/X (sky130_fd_sc_hd__a21o_2)
     1    0.00                           _2112_ (net)
                  0.04    0.01   14.08 v _5850_/B2 (sky130_fd_sc_hd__a221oi_2)
                  0.16    0.22   14.30 ^ _5850_/Y (sky130_fd_sc_hd__a221oi_2)
     1    0.00                           hsv_mixer0.pwm0.out (net)
                  0.16    0.00   14.31 ^ _6536_/A (sky130_fd_sc_hd__ebufn_2)
                  0.44    0.41   14.71 ^ _6536_/Z (sky130_fd_sc_hd__ebufn_2)
     1    0.04                           io_out[14] (net)
                  0.44    0.00   14.71 ^ io_out[14] (out)
                                 14.71   data arrival time

                  0.15   20.00   20.00   clock wb_clk_i (rise edge)
                          0.00   20.00   clock network delay (ideal)
                         -0.25   19.75   clock uncertainty
                          0.00   19.75   clock reconvergence pessimism
                         -4.00   15.75   output external delay
                                 15.75   data required time
-----------------------------------------------------------------------------
                                 15.75   data required time
                                -14.71   data arrival time
-----------------------------------------------------------------------------
                                  1.04   slack (MET)



===========================================================================
report_checks --slack_max -0.01
============================================================================
No paths found.
