
===========================================================================
report_checks -path_delay max (Setup)
============================================================================
Startpoint: _6303_ (rising edge-triggered flip-flop clocked by wb_clk_i)
Endpoint: io_out[15] (output port clocked by wb_clk_i)
Path Group: wb_clk_i
Path Type: max

Fanout     Cap    Slew   Delay    Time   Description
-----------------------------------------------------------------------------
                          0.00    0.00   clock wb_clk_i (rise edge)
                          0.00    0.00   clock source latency
                  0.11    0.08    0.08 ^ wb_clk_i (in)
     2    0.02                           wb_clk_i (net)
                  0.11    0.00    0.08 ^ clkbuf_0_wb_clk_i/A (sky130_fd_sc_hd__clkbuf_16)
                  0.11    0.22    0.30 ^ clkbuf_0_wb_clk_i/X (sky130_fd_sc_hd__clkbuf_16)
    16    0.10                           clknet_0_wb_clk_i (net)
                  0.11    0.01    0.31 ^ clkbuf_3_2__f_wb_clk_i/A (sky130_fd_sc_hd__clkbuf_16)
                  0.08    0.19    0.50 ^ clkbuf_3_2__f_wb_clk_i/X (sky130_fd_sc_hd__clkbuf_16)
    34    0.07                           clknet_3_2__leaf_wb_clk_i (net)
                  0.08    0.00    0.51 ^ _6303_/CLK (sky130_fd_sc_hd__dfxtp_1)
                  0.07    0.36    0.87 v _6303_/Q (sky130_fd_sc_hd__dfxtp_1)
     5    0.01                           hsv_mixer0.enc0[9] (net)
                  0.07    0.00    0.87 v _3397_/A2 (sky130_fd_sc_hd__a2111o_1)
                  0.11    0.50    1.37 v _3397_/X (sky130_fd_sc_hd__a2111o_1)
     4    0.01                           _2526_ (net)
                  0.11    0.00    1.37 v _3418_/C (sky130_fd_sc_hd__or4_2)
                  0.14    0.72    2.09 v _3418_/X (sky130_fd_sc_hd__or4_2)
     4    0.01                           _2547_ (net)
                  0.14    0.00    2.09 v _3423_/A (sky130_fd_sc_hd__clkbuf_2)
                  0.07    0.19    2.28 v _3423_/X (sky130_fd_sc_hd__clkbuf_2)
     5    0.02                           _2552_ (net)
                  0.07    0.00    2.28 v _3428_/B (sky130_fd_sc_hd__or3_2)
                  0.12    0.55    2.83 v _3428_/X (sky130_fd_sc_hd__or3_2)
     5    0.02                           _2557_ (net)
                  0.12    0.00    2.83 v _3429_/C (sky130_fd_sc_hd__and3_1)
                  0.04    0.23    3.06 v _3429_/X (sky130_fd_sc_hd__and3_1)
     2    0.00                           _2558_ (net)
                  0.04    0.00    3.06 v _3433_/A (sky130_fd_sc_hd__and2_1)
                  0.04    0.15    3.21 v _3433_/X (sky130_fd_sc_hd__and2_1)
     2    0.01                           _2562_ (net)
                  0.04    0.00    3.21 v _3474_/A (sky130_fd_sc_hd__nor2_1)
                  0.16    0.17    3.38 ^ _3474_/Y (sky130_fd_sc_hd__nor2_1)
     3    0.01                           _2603_ (net)
                  0.16    0.00    3.38 ^ _3536_/C (sky130_fd_sc_hd__and3_1)
                  0.10    0.23    3.60 ^ _3536_/X (sky130_fd_sc_hd__and3_1)
     3    0.01                           _2665_ (net)
                  0.10    0.00    3.60 ^ _3542_/A1 (sky130_fd_sc_hd__o211ai_1)
                  0.09    0.12    3.73 v _3542_/Y (sky130_fd_sc_hd__o211ai_1)
     2    0.00                           _2671_ (net)
                  0.09    0.00    3.73 v _3543_/C (sky130_fd_sc_hd__and3_1)
                  0.06    0.24    3.96 v _3543_/X (sky130_fd_sc_hd__and3_1)
     3    0.01                           _2672_ (net)
                  0.06    0.00    3.96 v _3621_/A (sky130_fd_sc_hd__or3_1)
                  0.10    0.44    4.40 v _3621_/X (sky130_fd_sc_hd__or3_1)
     3    0.01                           _2750_ (net)
                  0.10    0.00    4.40 v _3625_/A1 (sky130_fd_sc_hd__a21o_1)
                  0.05    0.21    4.61 v _3625_/X (sky130_fd_sc_hd__a21o_1)
     2    0.01                           _2754_ (net)
                  0.05    0.00    4.61 v _3638_/A2 (sky130_fd_sc_hd__a21o_1)
                  0.06    0.22    4.83 v _3638_/X (sky130_fd_sc_hd__a21o_1)
     3    0.01                           _2767_ (net)
                  0.07    0.00    4.83 v _3639_/B_N (sky130_fd_sc_hd__nor2b_2)
                  0.09    0.20    5.03 v _3639_/Y (sky130_fd_sc_hd__nor2b_2)
     3    0.02                           _2768_ (net)
                  0.09    0.00    5.03 v _3675_/A (sky130_fd_sc_hd__xnor2_1)
                  0.26    0.29    5.32 ^ _3675_/Y (sky130_fd_sc_hd__xnor2_1)
     2    0.01                           _2804_ (net)
                  0.26    0.00    5.32 ^ _3676_/A (sky130_fd_sc_hd__dlymetal6s2s_1)
                  0.18    0.25    5.57 ^ _3676_/X (sky130_fd_sc_hd__dlymetal6s2s_1)
     5    0.02                           _2805_ (net)
                  0.18    0.00    5.57 ^ _4119_/C_N (sky130_fd_sc_hd__or3b_1)
                  0.07    0.39    5.97 v _4119_/X (sky130_fd_sc_hd__or3b_1)
     2    0.00                           _0384_ (net)
                  0.07    0.00    5.97 v _4122_/C (sky130_fd_sc_hd__and4_1)
                  0.06    0.23    6.20 v _4122_/X (sky130_fd_sc_hd__and4_1)
     3    0.01                           _0387_ (net)
                  0.06    0.00    6.20 v _4124_/B (sky130_fd_sc_hd__or3_1)
                  0.07    0.37    6.57 v _4124_/X (sky130_fd_sc_hd__or3_1)
     2    0.00                           _0389_ (net)
                  0.07    0.00    6.57 v _4145_/A (sky130_fd_sc_hd__and2_1)
                  0.06    0.18    6.75 v _4145_/X (sky130_fd_sc_hd__and2_1)
     3    0.01                           _0410_ (net)
                  0.06    0.00    6.75 v _4216_/B (sky130_fd_sc_hd__xnor2_1)
                  0.08    0.15    6.89 v _4216_/Y (sky130_fd_sc_hd__xnor2_1)
     1    0.01                           _0481_ (net)
                  0.08    0.00    6.89 v _4217_/A (sky130_fd_sc_hd__xnor2_1)
                  0.28    0.30    7.19 ^ _4217_/Y (sky130_fd_sc_hd__xnor2_1)
     2    0.01                           _0482_ (net)
                  0.28    0.00    7.19 ^ _4220_/B (sky130_fd_sc_hd__xnor2_2)
                  0.27    0.21    7.40 ^ _4220_/Y (sky130_fd_sc_hd__xnor2_2)
     2    0.02                           _0485_ (net)
                  0.27    0.00    7.40 ^ _4221_/B_N (sky130_fd_sc_hd__or2b_1)
                  0.04    0.26    7.66 v _4221_/X (sky130_fd_sc_hd__or2b_1)
     1    0.00                           _0486_ (net)
                  0.04    0.00    7.66 v _4222_/B (sky130_fd_sc_hd__and2_2)
                  0.07    0.24    7.90 v _4222_/X (sky130_fd_sc_hd__and2_2)
     2    0.02                           _0487_ (net)
                  0.07    0.00    7.90 v _4223_/B (sky130_fd_sc_hd__xor2_4)
                  0.27    0.28    8.18 ^ _4223_/X (sky130_fd_sc_hd__xor2_4)
     3    0.03                           _0488_ (net)
                  0.27    0.00    8.18 ^ _4473_/A1 (sky130_fd_sc_hd__a211oi_4)
                  0.10    0.13    8.31 v _4473_/Y (sky130_fd_sc_hd__a211oi_4)
     3    0.02                           _0738_ (net)
                  0.10    0.00    8.31 v _4502_/B (sky130_fd_sc_hd__or3_2)
                  0.13    0.57    8.88 v _4502_/X (sky130_fd_sc_hd__or3_2)
     6    0.02                           _0767_ (net)
                  0.13    0.00    8.88 v _4547_/A1 (sky130_fd_sc_hd__a21o_1)
                  0.05    0.21    9.09 v _4547_/X (sky130_fd_sc_hd__a21o_1)
     3    0.01                           _0812_ (net)
                  0.05    0.00    9.09 v _4548_/C (sky130_fd_sc_hd__and3_1)
                  0.03    0.18    9.27 v _4548_/X (sky130_fd_sc_hd__and3_1)
     1    0.00                           _0813_ (net)
                  0.03    0.00    9.27 v _4550_/A (sky130_fd_sc_hd__or2_1)
                  0.06    0.25    9.52 v _4550_/X (sky130_fd_sc_hd__or2_1)
     2    0.01                           _0815_ (net)
                  0.06    0.00    9.52 v _4601_/A1 (sky130_fd_sc_hd__o221a_1)
                  0.04    0.27    9.78 v _4601_/X (sky130_fd_sc_hd__o221a_1)
     1    0.00                           _0866_ (net)
                  0.04    0.00    9.78 v _4611_/A (sky130_fd_sc_hd__or4_1)
                  0.08    0.52   10.31 v _4611_/X (sky130_fd_sc_hd__or4_1)
     1    0.00                           _0876_ (net)
                  0.08    0.00   10.31 v _4612_/C (sky130_fd_sc_hd__or3_1)
                  0.06    0.32   10.63 v _4612_/X (sky130_fd_sc_hd__or3_1)
     1    0.00                           _0877_ (net)
                  0.06    0.00   10.63 v _4616_/A2 (sky130_fd_sc_hd__a31o_1)
                  0.04    0.22   10.85 v _4616_/X (sky130_fd_sc_hd__a31o_1)
     1    0.00                           _0881_ (net)
                  0.04    0.00   10.85 v _4620_/A2 (sky130_fd_sc_hd__a2111o_1)
                  0.07    0.44   11.29 v _4620_/X (sky130_fd_sc_hd__a2111o_1)
     2    0.01                           _0885_ (net)
                  0.07    0.00   11.29 v _4623_/A2 (sky130_fd_sc_hd__a21o_1)
                  0.08    0.24   11.53 v _4623_/X (sky130_fd_sc_hd__a21o_1)
     5    0.01                           _0888_ (net)
                  0.08    0.00   11.53 v _4625_/A2 (sky130_fd_sc_hd__a2111o_1)
                  0.11    0.50   12.03 v _4625_/X (sky130_fd_sc_hd__a2111o_1)
     3    0.01                           _0890_ (net)
                  0.11    0.00   12.03 v _4626_/C (sky130_fd_sc_hd__or3_1)
                  0.11    0.40   12.43 v _4626_/X (sky130_fd_sc_hd__or3_1)
     3    0.01                           _0891_ (net)
                  0.11    0.00   12.43 v _5702_/B (sky130_fd_sc_hd__xnor2_1)
                  0.12    0.20   12.63 v _5702_/Y (sky130_fd_sc_hd__xnor2_1)
     3    0.01                           _1967_ (net)
                  0.12    0.00   12.63 v _5780_/B2 (sky130_fd_sc_hd__o22a_1)
                  0.04    0.18   12.81 v _5780_/X (sky130_fd_sc_hd__o22a_1)
     1    0.00                           _2044_ (net)
                  0.04    0.00   12.81 v _5781_/B1 (sky130_fd_sc_hd__o2bb2a_1)
                  0.07    0.32   13.14 v _5781_/X (sky130_fd_sc_hd__o2bb2a_1)
     2    0.01                           _2045_ (net)
                  0.07    0.00   13.14 v _5810_/B1 (sky130_fd_sc_hd__a22o_1)
                  0.04    0.19   13.33 v _5810_/X (sky130_fd_sc_hd__a22o_1)
     1    0.00                           _2074_ (net)
                  0.04    0.00   13.33 v _5811_/B1 (sky130_fd_sc_hd__a21o_1)
                  0.04    0.17   13.50 v _5811_/X (sky130_fd_sc_hd__a21o_1)
     1    0.01                           _2075_ (net)
                  0.04    0.00   13.50 v _5812_/B2 (sky130_fd_sc_hd__a221oi_2)
                  0.28    0.31   13.81 ^ _5812_/Y (sky130_fd_sc_hd__a221oi_2)
     1    0.01                           hsv_mixer0.pwm1.out (net)
                  0.28    0.00   13.81 ^ _6537_/A (sky130_fd_sc_hd__ebufn_8)
                  0.30    0.38   14.19 ^ _6537_/Z (sky130_fd_sc_hd__ebufn_8)
     1    0.04                           io_out[15] (net)
                  0.30    0.01   14.20 ^ io_out[15] (out)
                                 14.20   data arrival time

                         20.00   20.00   clock wb_clk_i (rise edge)
                          0.00   20.00   clock network delay (propagated)
                         -0.25   19.75   clock uncertainty
                          0.00   19.75   clock reconvergence pessimism
                         -4.00   15.75   output external delay
                                 15.75   data required time
-----------------------------------------------------------------------------
                                 15.75   data required time
                                -14.20   data arrival time
-----------------------------------------------------------------------------
                                  1.55   slack (MET)


Startpoint: _6303_ (rising edge-triggered flip-flop clocked by wb_clk_i)
Endpoint: io_out[14] (output port clocked by wb_clk_i)
Path Group: wb_clk_i
Path Type: max

Fanout     Cap    Slew   Delay    Time   Description
-----------------------------------------------------------------------------
                          0.00    0.00   clock wb_clk_i (rise edge)
                          0.00    0.00   clock source latency
                  0.11    0.08    0.08 ^ wb_clk_i (in)
     2    0.02                           wb_clk_i (net)
                  0.11    0.00    0.08 ^ clkbuf_0_wb_clk_i/A (sky130_fd_sc_hd__clkbuf_16)
                  0.11    0.22    0.30 ^ clkbuf_0_wb_clk_i/X (sky130_fd_sc_hd__clkbuf_16)
    16    0.10                           clknet_0_wb_clk_i (net)
                  0.11    0.01    0.31 ^ clkbuf_3_2__f_wb_clk_i/A (sky130_fd_sc_hd__clkbuf_16)
                  0.08    0.19    0.50 ^ clkbuf_3_2__f_wb_clk_i/X (sky130_fd_sc_hd__clkbuf_16)
    34    0.07                           clknet_3_2__leaf_wb_clk_i (net)
                  0.08    0.00    0.51 ^ _6303_/CLK (sky130_fd_sc_hd__dfxtp_1)
                  0.07    0.36    0.87 v _6303_/Q (sky130_fd_sc_hd__dfxtp_1)
     5    0.01                           hsv_mixer0.enc0[9] (net)
                  0.07    0.00    0.87 v _3397_/A2 (sky130_fd_sc_hd__a2111o_1)
                  0.11    0.50    1.37 v _3397_/X (sky130_fd_sc_hd__a2111o_1)
     4    0.01                           _2526_ (net)
                  0.11    0.00    1.37 v _3418_/C (sky130_fd_sc_hd__or4_2)
                  0.14    0.72    2.09 v _3418_/X (sky130_fd_sc_hd__or4_2)
     4    0.01                           _2547_ (net)
                  0.14    0.00    2.09 v _3423_/A (sky130_fd_sc_hd__clkbuf_2)
                  0.07    0.19    2.28 v _3423_/X (sky130_fd_sc_hd__clkbuf_2)
     5    0.02                           _2552_ (net)
                  0.07    0.00    2.28 v _3428_/B (sky130_fd_sc_hd__or3_2)
                  0.12    0.55    2.83 v _3428_/X (sky130_fd_sc_hd__or3_2)
     5    0.02                           _2557_ (net)
                  0.12    0.00    2.83 v _3429_/C (sky130_fd_sc_hd__and3_1)
                  0.04    0.23    3.06 v _3429_/X (sky130_fd_sc_hd__and3_1)
     2    0.00                           _2558_ (net)
                  0.04    0.00    3.06 v _3433_/A (sky130_fd_sc_hd__and2_1)
                  0.04    0.15    3.21 v _3433_/X (sky130_fd_sc_hd__and2_1)
     2    0.01                           _2562_ (net)
                  0.04    0.00    3.21 v _3474_/A (sky130_fd_sc_hd__nor2_1)
                  0.16    0.17    3.38 ^ _3474_/Y (sky130_fd_sc_hd__nor2_1)
     3    0.01                           _2603_ (net)
                  0.16    0.00    3.38 ^ _3536_/C (sky130_fd_sc_hd__and3_1)
                  0.10    0.23    3.60 ^ _3536_/X (sky130_fd_sc_hd__and3_1)
     3    0.01                           _2665_ (net)
                  0.10    0.00    3.60 ^ _3542_/A1 (sky130_fd_sc_hd__o211ai_1)
                  0.09    0.12    3.73 v _3542_/Y (sky130_fd_sc_hd__o211ai_1)
     2    0.00                           _2671_ (net)
                  0.09    0.00    3.73 v _3543_/C (sky130_fd_sc_hd__and3_1)
                  0.06    0.24    3.96 v _3543_/X (sky130_fd_sc_hd__and3_1)
     3    0.01                           _2672_ (net)
                  0.06    0.00    3.96 v _3621_/A (sky130_fd_sc_hd__or3_1)
                  0.10    0.44    4.40 v _3621_/X (sky130_fd_sc_hd__or3_1)
     3    0.01                           _2750_ (net)
                  0.10    0.00    4.40 v _3625_/A1 (sky130_fd_sc_hd__a21o_1)
                  0.05    0.21    4.61 v _3625_/X (sky130_fd_sc_hd__a21o_1)
     2    0.01                           _2754_ (net)
                  0.05    0.00    4.61 v _3638_/A2 (sky130_fd_sc_hd__a21o_1)
                  0.06    0.22    4.83 v _3638_/X (sky130_fd_sc_hd__a21o_1)
     3    0.01                           _2767_ (net)
                  0.07    0.00    4.83 v _3639_/B_N (sky130_fd_sc_hd__nor2b_2)
                  0.09    0.20    5.03 v _3639_/Y (sky130_fd_sc_hd__nor2b_2)
     3    0.02                           _2768_ (net)
                  0.09    0.00    5.03 v _3675_/A (sky130_fd_sc_hd__xnor2_1)
                  0.26    0.29    5.32 ^ _3675_/Y (sky130_fd_sc_hd__xnor2_1)
     2    0.01                           _2804_ (net)
                  0.26    0.00    5.32 ^ _3676_/A (sky130_fd_sc_hd__dlymetal6s2s_1)
                  0.18    0.25    5.57 ^ _3676_/X (sky130_fd_sc_hd__dlymetal6s2s_1)
     5    0.02                           _2805_ (net)
                  0.18    0.00    5.57 ^ _4119_/C_N (sky130_fd_sc_hd__or3b_1)
                  0.07    0.39    5.97 v _4119_/X (sky130_fd_sc_hd__or3b_1)
     2    0.00                           _0384_ (net)
                  0.07    0.00    5.97 v _4122_/C (sky130_fd_sc_hd__and4_1)
                  0.06    0.23    6.20 v _4122_/X (sky130_fd_sc_hd__and4_1)
     3    0.01                           _0387_ (net)
                  0.06    0.00    6.20 v _4124_/B (sky130_fd_sc_hd__or3_1)
                  0.07    0.37    6.57 v _4124_/X (sky130_fd_sc_hd__or3_1)
     2    0.00                           _0389_ (net)
                  0.07    0.00    6.57 v _4145_/A (sky130_fd_sc_hd__and2_1)
                  0.06    0.18    6.75 v _4145_/X (sky130_fd_sc_hd__and2_1)
     3    0.01                           _0410_ (net)
                  0.06    0.00    6.75 v _4216_/B (sky130_fd_sc_hd__xnor2_1)
                  0.08    0.15    6.89 v _4216_/Y (sky130_fd_sc_hd__xnor2_1)
     1    0.01                           _0481_ (net)
                  0.08    0.00    6.89 v _4217_/A (sky130_fd_sc_hd__xnor2_1)
                  0.28    0.30    7.19 ^ _4217_/Y (sky130_fd_sc_hd__xnor2_1)
     2    0.01                           _0482_ (net)
                  0.28    0.00    7.19 ^ _4220_/B (sky130_fd_sc_hd__xnor2_2)
                  0.27    0.21    7.40 ^ _4220_/Y (sky130_fd_sc_hd__xnor2_2)
     2    0.02                           _0485_ (net)
                  0.27    0.00    7.40 ^ _4221_/B_N (sky130_fd_sc_hd__or2b_1)
                  0.04    0.26    7.66 v _4221_/X (sky130_fd_sc_hd__or2b_1)
     1    0.00                           _0486_ (net)
                  0.04    0.00    7.66 v _4222_/B (sky130_fd_sc_hd__and2_2)
                  0.07    0.24    7.90 v _4222_/X (sky130_fd_sc_hd__and2_2)
     2    0.02                           _0487_ (net)
                  0.07    0.00    7.90 v _4223_/B (sky130_fd_sc_hd__xor2_4)
                  0.27    0.28    8.18 ^ _4223_/X (sky130_fd_sc_hd__xor2_4)
     3    0.03                           _0488_ (net)
                  0.27    0.00    8.18 ^ _4473_/A1 (sky130_fd_sc_hd__a211oi_4)
                  0.10    0.13    8.31 v _4473_/Y (sky130_fd_sc_hd__a211oi_4)
     3    0.02                           _0738_ (net)
                  0.10    0.00    8.31 v _4502_/B (sky130_fd_sc_hd__or3_2)
                  0.13    0.57    8.88 v _4502_/X (sky130_fd_sc_hd__or3_2)
     6    0.02                           _0767_ (net)
                  0.13    0.00    8.88 v _4547_/A1 (sky130_fd_sc_hd__a21o_1)
                  0.05    0.21    9.09 v _4547_/X (sky130_fd_sc_hd__a21o_1)
     3    0.01                           _0812_ (net)
                  0.05    0.00    9.09 v _4548_/C (sky130_fd_sc_hd__and3_1)
                  0.03    0.18    9.27 v _4548_/X (sky130_fd_sc_hd__and3_1)
     1    0.00                           _0813_ (net)
                  0.03    0.00    9.27 v _4550_/A (sky130_fd_sc_hd__or2_1)
                  0.06    0.25    9.52 v _4550_/X (sky130_fd_sc_hd__or2_1)
     2    0.01                           _0815_ (net)
                  0.06    0.00    9.52 v _4601_/A1 (sky130_fd_sc_hd__o221a_1)
                  0.04    0.27    9.78 v _4601_/X (sky130_fd_sc_hd__o221a_1)
     1    0.00                           _0866_ (net)
                  0.04    0.00    9.78 v _4611_/A (sky130_fd_sc_hd__or4_1)
                  0.08    0.52   10.31 v _4611_/X (sky130_fd_sc_hd__or4_1)
     1    0.00                           _0876_ (net)
                  0.08    0.00   10.31 v _4612_/C (sky130_fd_sc_hd__or3_1)
                  0.06    0.32   10.63 v _4612_/X (sky130_fd_sc_hd__or3_1)
     1    0.00                           _0877_ (net)
                  0.06    0.00   10.63 v _4616_/A2 (sky130_fd_sc_hd__a31o_1)
                  0.04    0.22   10.85 v _4616_/X (sky130_fd_sc_hd__a31o_1)
     1    0.00                           _0881_ (net)
                  0.04    0.00   10.85 v _4620_/A2 (sky130_fd_sc_hd__a2111o_1)
                  0.07    0.44   11.29 v _4620_/X (sky130_fd_sc_hd__a2111o_1)
     2    0.01                           _0885_ (net)
                  0.07    0.00   11.29 v _4623_/A2 (sky130_fd_sc_hd__a21o_1)
                  0.08    0.24   11.53 v _4623_/X (sky130_fd_sc_hd__a21o_1)
     5    0.01                           _0888_ (net)
                  0.08    0.00   11.53 v _4625_/A2 (sky130_fd_sc_hd__a2111o_1)
                  0.11    0.50   12.03 v _4625_/X (sky130_fd_sc_hd__a2111o_1)
     3    0.01                           _0890_ (net)
                  0.11    0.00   12.03 v _4626_/C (sky130_fd_sc_hd__or3_1)
                  0.11    0.40   12.43 v _4626_/X (sky130_fd_sc_hd__or3_1)
     3    0.01                           _0891_ (net)
                  0.11    0.00   12.43 v _5702_/B (sky130_fd_sc_hd__xnor2_1)
                  0.12    0.20   12.63 v _5702_/Y (sky130_fd_sc_hd__xnor2_1)
     3    0.01                           _1967_ (net)
                  0.12    0.00   12.63 v _5821_/A2 (sky130_fd_sc_hd__o22a_1)
                  0.04    0.22   12.85 v _5821_/X (sky130_fd_sc_hd__o22a_1)
     1    0.00                           _2084_ (net)
                  0.04    0.00   12.85 v _5822_/B1 (sky130_fd_sc_hd__o2bb2a_1)
                  0.07    0.32   13.17 v _5822_/X (sky130_fd_sc_hd__o2bb2a_1)
     2    0.01                           _2085_ (net)
                  0.07    0.00   13.17 v _5848_/B1 (sky130_fd_sc_hd__a22o_1)
                  0.04    0.19   13.36 v _5848_/X (sky130_fd_sc_hd__a22o_1)
     1    0.00                           _2111_ (net)
                  0.04    0.00   13.36 v _5849_/B1 (sky130_fd_sc_hd__a21o_1)
                  0.06    0.18   13.55 v _5849_/X (sky130_fd_sc_hd__a21o_1)
     1    0.01                           _2112_ (net)
                  0.06    0.00   13.55 v _5850_/B2 (sky130_fd_sc_hd__a221oi_4)
                  0.25    0.31   13.85 ^ _5850_/Y (sky130_fd_sc_hd__a221oi_4)
     1    0.01                           hsv_mixer0.pwm0.out (net)
                  0.25    0.00   13.85 ^ _6536_/A (sky130_fd_sc_hd__ebufn_8)
                  0.20    0.29   14.15 ^ _6536_/Z (sky130_fd_sc_hd__ebufn_8)
     1    0.04                           io_out[14] (net)
                  0.20    0.00   14.15 ^ io_out[14] (out)
                                 14.15   data arrival time

                         20.00   20.00   clock wb_clk_i (rise edge)
                          0.00   20.00   clock network delay (propagated)
                         -0.25   19.75   clock uncertainty
                          0.00   19.75   clock reconvergence pessimism
                         -4.00   15.75   output external delay
                                 15.75   data required time
-----------------------------------------------------------------------------
                                 15.75   data required time
                                -14.15   data arrival time
-----------------------------------------------------------------------------
                                  1.60   slack (MET)


Startpoint: _6303_ (rising edge-triggered flip-flop clocked by wb_clk_i)
Endpoint: io_out[16] (output port clocked by wb_clk_i)
Path Group: wb_clk_i
Path Type: max

Fanout     Cap    Slew   Delay    Time   Description
-----------------------------------------------------------------------------
                          0.00    0.00   clock wb_clk_i (rise edge)
                          0.00    0.00   clock source latency
                  0.11    0.08    0.08 ^ wb_clk_i (in)
     2    0.02                           wb_clk_i (net)
                  0.11    0.00    0.08 ^ clkbuf_0_wb_clk_i/A (sky130_fd_sc_hd__clkbuf_16)
                  0.11    0.22    0.30 ^ clkbuf_0_wb_clk_i/X (sky130_fd_sc_hd__clkbuf_16)
    16    0.10                           clknet_0_wb_clk_i (net)
                  0.11    0.01    0.31 ^ clkbuf_3_2__f_wb_clk_i/A (sky130_fd_sc_hd__clkbuf_16)
                  0.08    0.19    0.50 ^ clkbuf_3_2__f_wb_clk_i/X (sky130_fd_sc_hd__clkbuf_16)
    34    0.07                           clknet_3_2__leaf_wb_clk_i (net)
                  0.08    0.00    0.51 ^ _6303_/CLK (sky130_fd_sc_hd__dfxtp_1)
                  0.07    0.36    0.87 v _6303_/Q (sky130_fd_sc_hd__dfxtp_1)
     5    0.01                           hsv_mixer0.enc0[9] (net)
                  0.07    0.00    0.87 v _3397_/A2 (sky130_fd_sc_hd__a2111o_1)
                  0.11    0.50    1.37 v _3397_/X (sky130_fd_sc_hd__a2111o_1)
     4    0.01                           _2526_ (net)
                  0.11    0.00    1.37 v _3418_/C (sky130_fd_sc_hd__or4_2)
                  0.14    0.72    2.09 v _3418_/X (sky130_fd_sc_hd__or4_2)
     4    0.01                           _2547_ (net)
                  0.14    0.00    2.09 v _3423_/A (sky130_fd_sc_hd__clkbuf_2)
                  0.07    0.19    2.28 v _3423_/X (sky130_fd_sc_hd__clkbuf_2)
     5    0.02                           _2552_ (net)
                  0.07    0.00    2.28 v _3428_/B (sky130_fd_sc_hd__or3_2)
                  0.12    0.55    2.83 v _3428_/X (sky130_fd_sc_hd__or3_2)
     5    0.02                           _2557_ (net)
                  0.12    0.00    2.83 v _3429_/C (sky130_fd_sc_hd__and3_1)
                  0.04    0.23    3.06 v _3429_/X (sky130_fd_sc_hd__and3_1)
     2    0.00                           _2558_ (net)
                  0.04    0.00    3.06 v _3433_/A (sky130_fd_sc_hd__and2_1)
                  0.04    0.15    3.21 v _3433_/X (sky130_fd_sc_hd__and2_1)
     2    0.01                           _2562_ (net)
                  0.04    0.00    3.21 v _3474_/A (sky130_fd_sc_hd__nor2_1)
                  0.16    0.17    3.38 ^ _3474_/Y (sky130_fd_sc_hd__nor2_1)
     3    0.01                           _2603_ (net)
                  0.16    0.00    3.38 ^ _3536_/C (sky130_fd_sc_hd__and3_1)
                  0.10    0.23    3.60 ^ _3536_/X (sky130_fd_sc_hd__and3_1)
     3    0.01                           _2665_ (net)
                  0.10    0.00    3.60 ^ _3542_/A1 (sky130_fd_sc_hd__o211ai_1)
                  0.09    0.12    3.73 v _3542_/Y (sky130_fd_sc_hd__o211ai_1)
     2    0.00                           _2671_ (net)
                  0.09    0.00    3.73 v _3543_/C (sky130_fd_sc_hd__and3_1)
                  0.06    0.24    3.96 v _3543_/X (sky130_fd_sc_hd__and3_1)
     3    0.01                           _2672_ (net)
                  0.06    0.00    3.96 v _3621_/A (sky130_fd_sc_hd__or3_1)
                  0.10    0.44    4.40 v _3621_/X (sky130_fd_sc_hd__or3_1)
     3    0.01                           _2750_ (net)
                  0.10    0.00    4.40 v _3625_/A1 (sky130_fd_sc_hd__a21o_1)
                  0.05    0.21    4.61 v _3625_/X (sky130_fd_sc_hd__a21o_1)
     2    0.01                           _2754_ (net)
                  0.05    0.00    4.61 v _3638_/A2 (sky130_fd_sc_hd__a21o_1)
                  0.06    0.22    4.83 v _3638_/X (sky130_fd_sc_hd__a21o_1)
     3    0.01                           _2767_ (net)
                  0.07    0.00    4.83 v _3639_/B_N (sky130_fd_sc_hd__nor2b_2)
                  0.09    0.20    5.03 v _3639_/Y (sky130_fd_sc_hd__nor2b_2)
     3    0.02                           _2768_ (net)
                  0.09    0.00    5.03 v _3675_/A (sky130_fd_sc_hd__xnor2_1)
                  0.26    0.29    5.32 ^ _3675_/Y (sky130_fd_sc_hd__xnor2_1)
     2    0.01                           _2804_ (net)
                  0.26    0.00    5.32 ^ _3676_/A (sky130_fd_sc_hd__dlymetal6s2s_1)
                  0.18    0.25    5.57 ^ _3676_/X (sky130_fd_sc_hd__dlymetal6s2s_1)
     5    0.02                           _2805_ (net)
                  0.18    0.00    5.57 ^ _4119_/C_N (sky130_fd_sc_hd__or3b_1)
                  0.07    0.39    5.97 v _4119_/X (sky130_fd_sc_hd__or3b_1)
     2    0.00                           _0384_ (net)
                  0.07    0.00    5.97 v _4122_/C (sky130_fd_sc_hd__and4_1)
                  0.06    0.23    6.20 v _4122_/X (sky130_fd_sc_hd__and4_1)
     3    0.01                           _0387_ (net)
                  0.06    0.00    6.20 v _4124_/B (sky130_fd_sc_hd__or3_1)
                  0.07    0.37    6.57 v _4124_/X (sky130_fd_sc_hd__or3_1)
     2    0.00                           _0389_ (net)
                  0.07    0.00    6.57 v _4145_/A (sky130_fd_sc_hd__and2_1)
                  0.06    0.18    6.75 v _4145_/X (sky130_fd_sc_hd__and2_1)
     3    0.01                           _0410_ (net)
                  0.06    0.00    6.75 v _4216_/B (sky130_fd_sc_hd__xnor2_1)
                  0.08    0.15    6.89 v _4216_/Y (sky130_fd_sc_hd__xnor2_1)
     1    0.01                           _0481_ (net)
                  0.08    0.00    6.89 v _4217_/A (sky130_fd_sc_hd__xnor2_1)
                  0.28    0.30    7.19 ^ _4217_/Y (sky130_fd_sc_hd__xnor2_1)
     2    0.01                           _0482_ (net)
                  0.28    0.00    7.19 ^ _4220_/B (sky130_fd_sc_hd__xnor2_2)
                  0.27    0.21    7.40 ^ _4220_/Y (sky130_fd_sc_hd__xnor2_2)
     2    0.02                           _0485_ (net)
                  0.27    0.00    7.40 ^ _4221_/B_N (sky130_fd_sc_hd__or2b_1)
                  0.04    0.26    7.66 v _4221_/X (sky130_fd_sc_hd__or2b_1)
     1    0.00                           _0486_ (net)
                  0.04    0.00    7.66 v _4222_/B (sky130_fd_sc_hd__and2_2)
                  0.07    0.24    7.90 v _4222_/X (sky130_fd_sc_hd__and2_2)
     2    0.02                           _0487_ (net)
                  0.07    0.00    7.90 v _4223_/B (sky130_fd_sc_hd__xor2_4)
                  0.27    0.28    8.18 ^ _4223_/X (sky130_fd_sc_hd__xor2_4)
     3    0.03                           _0488_ (net)
                  0.27    0.00    8.18 ^ _4473_/A1 (sky130_fd_sc_hd__a211oi_4)
                  0.10    0.13    8.31 v _4473_/Y (sky130_fd_sc_hd__a211oi_4)
     3    0.02                           _0738_ (net)
                  0.10    0.00    8.31 v _4502_/B (sky130_fd_sc_hd__or3_2)
                  0.13    0.57    8.88 v _4502_/X (sky130_fd_sc_hd__or3_2)
     6    0.02                           _0767_ (net)
                  0.13    0.00    8.88 v _4547_/A1 (sky130_fd_sc_hd__a21o_1)
                  0.05    0.21    9.09 v _4547_/X (sky130_fd_sc_hd__a21o_1)
     3    0.01                           _0812_ (net)
                  0.05    0.00    9.09 v _4548_/C (sky130_fd_sc_hd__and3_1)
                  0.03    0.18    9.27 v _4548_/X (sky130_fd_sc_hd__and3_1)
     1    0.00                           _0813_ (net)
                  0.03    0.00    9.27 v _4550_/A (sky130_fd_sc_hd__or2_1)
                  0.06    0.25    9.52 v _4550_/X (sky130_fd_sc_hd__or2_1)
     2    0.01                           _0815_ (net)
                  0.06    0.00    9.52 v _4601_/A1 (sky130_fd_sc_hd__o221a_1)
                  0.04    0.27    9.78 v _4601_/X (sky130_fd_sc_hd__o221a_1)
     1    0.00                           _0866_ (net)
                  0.04    0.00    9.78 v _4611_/A (sky130_fd_sc_hd__or4_1)
                  0.08    0.52   10.31 v _4611_/X (sky130_fd_sc_hd__or4_1)
     1    0.00                           _0876_ (net)
                  0.08    0.00   10.31 v _4612_/C (sky130_fd_sc_hd__or3_1)
                  0.06    0.32   10.63 v _4612_/X (sky130_fd_sc_hd__or3_1)
     1    0.00                           _0877_ (net)
                  0.06    0.00   10.63 v _4616_/A2 (sky130_fd_sc_hd__a31o_1)
                  0.04    0.22   10.85 v _4616_/X (sky130_fd_sc_hd__a31o_1)
     1    0.00                           _0881_ (net)
                  0.04    0.00   10.85 v _4620_/A2 (sky130_fd_sc_hd__a2111o_1)
                  0.07    0.44   11.29 v _4620_/X (sky130_fd_sc_hd__a2111o_1)
     2    0.01                           _0885_ (net)
                  0.07    0.00   11.29 v _4623_/A2 (sky130_fd_sc_hd__a21o_1)
                  0.08    0.24   11.53 v _4623_/X (sky130_fd_sc_hd__a21o_1)
     5    0.01                           _0888_ (net)
                  0.08    0.00   11.53 v _4625_/A2 (sky130_fd_sc_hd__a2111o_1)
                  0.11    0.50   12.03 v _4625_/X (sky130_fd_sc_hd__a2111o_1)
     3    0.01                           _0890_ (net)
                  0.11    0.00   12.03 v _4626_/C (sky130_fd_sc_hd__or3_1)
                  0.11    0.40   12.43 v _4626_/X (sky130_fd_sc_hd__or3_1)
     3    0.01                           _0891_ (net)
                  0.11    0.00   12.43 v _5702_/B (sky130_fd_sc_hd__xnor2_1)
                  0.12    0.20   12.63 v _5702_/Y (sky130_fd_sc_hd__xnor2_1)
     3    0.01                           _1967_ (net)
                  0.12    0.00   12.63 v _5705_/A2 (sky130_fd_sc_hd__o22a_1)
                  0.04    0.23   12.86 v _5705_/X (sky130_fd_sc_hd__o22a_1)
     1    0.00                           _1970_ (net)
                  0.04    0.00   12.86 v _5707_/B1 (sky130_fd_sc_hd__o2bb2a_1)
                  0.07    0.32   13.18 v _5707_/X (sky130_fd_sc_hd__o2bb2a_1)
     2    0.01                           _1972_ (net)
                  0.07    0.00   13.18 v _5763_/B1 (sky130_fd_sc_hd__a22o_1)
                  0.04    0.19   13.37 v _5763_/X (sky130_fd_sc_hd__a22o_1)
     1    0.00                           _2028_ (net)
                  0.04    0.00   13.37 v _5764_/B1 (sky130_fd_sc_hd__a21o_1)
                  0.06    0.19   13.56 v _5764_/X (sky130_fd_sc_hd__a21o_1)
     1    0.01                           _2029_ (net)
                  0.06    0.00   13.56 v _5768_/B2 (sky130_fd_sc_hd__a221oi_4)
                  0.24    0.30   13.86 ^ _5768_/Y (sky130_fd_sc_hd__a221oi_4)
     1    0.01                           hsv_mixer0.pwm2.out (net)
                  0.24    0.00   13.86 ^ _6538_/A (sky130_fd_sc_hd__ebufn_8)
                  0.18    0.28   14.13 ^ _6538_/Z (sky130_fd_sc_hd__ebufn_8)
     1    0.04                           io_out[16] (net)
                  0.18    0.00   14.14 ^ io_out[16] (out)
                                 14.14   data arrival time

                         20.00   20.00   clock wb_clk_i (rise edge)
                          0.00   20.00   clock network delay (propagated)
                         -0.25   19.75   clock uncertainty
                          0.00   19.75   clock reconvergence pessimism
                         -4.00   15.75   output external delay
                                 15.75   data required time
-----------------------------------------------------------------------------
                                 15.75   data required time
                                -14.14   data arrival time
-----------------------------------------------------------------------------
                                  1.61   slack (MET)


Startpoint: active (input port clocked by wb_clk_i)
Endpoint: la1_data_out[0] (output port clocked by wb_clk_i)
Path Group: wb_clk_i
Path Type: max

Fanout     Cap    Slew   Delay    Time   Description
-----------------------------------------------------------------------------
                          0.00    0.00   clock wb_clk_i (rise edge)
                          0.00    0.00   clock network delay (propagated)
                          4.00    4.00 ^ input external delay
                  0.02    0.01    4.01 ^ active (in)
     2    0.00                           active (net)
                  0.02    0.00    4.01 ^ input1/A (sky130_fd_sc_hd__clkbuf_4)
                  0.14    0.20    4.22 ^ input1/X (sky130_fd_sc_hd__clkbuf_4)
     8    0.04                           net1 (net)
                  0.14    0.01    4.22 ^ _3188_/A (sky130_fd_sc_hd__buf_2)
                  0.15    0.23    4.45 ^ _3188_/X (sky130_fd_sc_hd__buf_2)
     5    0.03                           _2425_ (net)
                  0.15    0.00    4.45 ^ _3189_/A (sky130_fd_sc_hd__clkbuf_8)
                  0.13    0.24    4.69 ^ _3189_/X (sky130_fd_sc_hd__clkbuf_8)
    10    0.07                           _2426_ (net)
                  0.13    0.00    4.70 ^ _3190_/A (sky130_fd_sc_hd__buf_8)
                  0.18    0.22    4.92 ^ _3190_/X (sky130_fd_sc_hd__buf_8)
    10    0.11                           _2427_ (net)
                  0.18    0.03    4.94 ^ _3191_/A (sky130_fd_sc_hd__inv_2)
                  0.05    0.07    5.02 v _3191_/Y (sky130_fd_sc_hd__inv_2)
     1    0.01                           _2975_ (net)
                  0.05    0.00    5.02 v _6490_/TE_B (sky130_fd_sc_hd__ebufn_8)
                  0.18    0.20    5.21 ^ _6490_/Z (sky130_fd_sc_hd__ebufn_8)
     1    0.04                           la1_data_out[0] (net)
                  0.18    0.00    5.22 ^ la1_data_out[0] (out)
                                  5.22   data arrival time

                         20.00   20.00   clock wb_clk_i (rise edge)
                          0.00   20.00   clock network delay (propagated)
                         -0.25   19.75   clock uncertainty
                          0.00   19.75   clock reconvergence pessimism
                         -4.00   15.75   output external delay
                                 15.75   data required time
-----------------------------------------------------------------------------
                                 15.75   data required time
                                 -5.22   data arrival time
-----------------------------------------------------------------------------
                                 10.53   slack (MET)


Startpoint: active (input port clocked by wb_clk_i)
Endpoint: la1_data_out[3] (output port clocked by wb_clk_i)
Path Group: wb_clk_i
Path Type: max

Fanout     Cap    Slew   Delay    Time   Description
-----------------------------------------------------------------------------
                          0.00    0.00   clock wb_clk_i (rise edge)
                          0.00    0.00   clock network delay (propagated)
                          4.00    4.00 ^ input external delay
                  0.02    0.01    4.01 ^ active (in)
     2    0.00                           active (net)
                  0.02    0.00    4.01 ^ input1/A (sky130_fd_sc_hd__clkbuf_4)
                  0.14    0.20    4.22 ^ input1/X (sky130_fd_sc_hd__clkbuf_4)
     8    0.04                           net1 (net)
                  0.14    0.01    4.22 ^ _3188_/A (sky130_fd_sc_hd__buf_2)
                  0.15    0.23    4.45 ^ _3188_/X (sky130_fd_sc_hd__buf_2)
     5    0.03                           _2425_ (net)
                  0.15    0.00    4.45 ^ _3189_/A (sky130_fd_sc_hd__clkbuf_8)
                  0.13    0.24    4.69 ^ _3189_/X (sky130_fd_sc_hd__clkbuf_8)
    10    0.07                           _2426_ (net)
                  0.13    0.00    4.70 ^ _3190_/A (sky130_fd_sc_hd__buf_8)
                  0.18    0.22    4.92 ^ _3190_/X (sky130_fd_sc_hd__buf_8)
    10    0.11                           _2427_ (net)
                  0.18    0.03    4.95 ^ _3194_/A (sky130_fd_sc_hd__inv_2)
                  0.05    0.07    5.02 v _3194_/Y (sky130_fd_sc_hd__inv_2)
     1    0.01                           _2978_ (net)
                  0.05    0.00    5.02 v _6493_/TE_B (sky130_fd_sc_hd__ebufn_8)
                  0.17    0.19    5.21 ^ _6493_/Z (sky130_fd_sc_hd__ebufn_8)
     1    0.04                           la1_data_out[3] (net)
                  0.17    0.00    5.21 ^ la1_data_out[3] (out)
                                  5.21   data arrival time

                         20.00   20.00   clock wb_clk_i (rise edge)
                          0.00   20.00   clock network delay (propagated)
                         -0.25   19.75   clock uncertainty
                          0.00   19.75   clock reconvergence pessimism
                         -4.00   15.75   output external delay
                                 15.75   data required time
-----------------------------------------------------------------------------
                                 15.75   data required time
                                 -5.21   data arrival time
-----------------------------------------------------------------------------
                                 10.54   slack (MET)


