
===========================================================================
 report_check_types -max_slew -max_cap -max_fanout -violators
============================================================================

======================= Slowest Corner ===================================

max fanout

Pin                                   Limit Fanout  Slack
---------------------------------------------------------
clkbuf_3_2__f_wb_clk_i/X                  5     34    -29 (VIOLATED)
clkbuf_3_4__f_wb_clk_i/X                  5     24    -19 (VIOLATED)
clkbuf_3_0__f_wb_clk_i/X                  5     19    -14 (VIOLATED)
clkbuf_0_wb_clk_i/X                       5     16    -11 (VIOLATED)
clkbuf_3_3__f_wb_clk_i/X                  5     16    -11 (VIOLATED)
clkbuf_3_1__f_wb_clk_i/X                  5     15    -10 (VIOLATED)
clkbuf_3_5__f_wb_clk_i/X                  5     12     -7 (VIOLATED)
clkbuf_3_7__f_wb_clk_i/X                  5     11     -6 (VIOLATED)
_3189_/X                                  5     10     -5 (VIOLATED)
_3190_/X                                  5     10     -5 (VIOLATED)
_3196_/X                                  5     10     -5 (VIOLATED)
_3203_/X                                  5     10     -5 (VIOLATED)
_3209_/X                                  5     10     -5 (VIOLATED)
_3215_/X                                  5     10     -5 (VIOLATED)
_3221_/X                                  5     10     -5 (VIOLATED)
_3227_/X                                  5     10     -5 (VIOLATED)
_3234_/X                                  5     10     -5 (VIOLATED)
_3240_/X                                  5     10     -5 (VIOLATED)
_3246_/X                                  5     10     -5 (VIOLATED)
_3252_/X                                  5     10     -5 (VIOLATED)
_3258_/X                                  5     10     -5 (VIOLATED)
_3265_/X                                  5     10     -5 (VIOLATED)
_3271_/X                                  5     10     -5 (VIOLATED)
_3277_/X                                  5     10     -5 (VIOLATED)
_3283_/X                                  5     10     -5 (VIOLATED)
_3289_/X                                  5     10     -5 (VIOLATED)
_3295_/X                                  5     10     -5 (VIOLATED)
_3301_/X                                  5     10     -5 (VIOLATED)
_3307_/X                                  5     10     -5 (VIOLATED)
_3313_/X                                  5     10     -5 (VIOLATED)
_3327_/X                                  5     10     -5 (VIOLATED)
_3331_/X                                  5     10     -5 (VIOLATED)
_3333_/X                                  5     10     -5 (VIOLATED)
_3337_/X                                  5     10     -5 (VIOLATED)
_3344_/X                                  5     10     -5 (VIOLATED)
_3349_/X                                  5     10     -5 (VIOLATED)
_3354_/X                                  5     10     -5 (VIOLATED)
_3361_/X                                  5     10     -5 (VIOLATED)
_3371_/X                                  5     10     -5 (VIOLATED)
_3378_/X                                  5     10     -5 (VIOLATED)
_3386_/X                                  5     10     -5 (VIOLATED)
_3391_/X                                  5     10     -5 (VIOLATED)
_3393_/X                                  5     10     -5 (VIOLATED)
_3402_/X                                  5     10     -5 (VIOLATED)
_3410_/Y                                  5     10     -5 (VIOLATED)
_3419_/X                                  5     10     -5 (VIOLATED)
_3425_/X                                  5     10     -5 (VIOLATED)
_3427_/X                                  5     10     -5 (VIOLATED)
_3455_/X                                  5     10     -5 (VIOLATED)
_3467_/Y                                  5     10     -5 (VIOLATED)
_3471_/Y                                  5     10     -5 (VIOLATED)
_3556_/Y                                  5     10     -5 (VIOLATED)
_3571_/X                                  5     10     -5 (VIOLATED)
_3576_/X                                  5     10     -5 (VIOLATED)
_3579_/Y                                  5     10     -5 (VIOLATED)
_3677_/X                                  5     10     -5 (VIOLATED)
_3682_/X                                  5     10     -5 (VIOLATED)
_3721_/X                                  5     10     -5 (VIOLATED)
_3724_/X                                  5     10     -5 (VIOLATED)
_3727_/X                                  5     10     -5 (VIOLATED)
_3728_/X                                  5     10     -5 (VIOLATED)
_3752_/X                                  5     10     -5 (VIOLATED)
_3787_/X                                  5     10     -5 (VIOLATED)
_3796_/X                                  5     10     -5 (VIOLATED)
_3860_/X                                  5     10     -5 (VIOLATED)
_3872_/X                                  5     10     -5 (VIOLATED)
_3877_/X                                  5     10     -5 (VIOLATED)
_3904_/X                                  5     10     -5 (VIOLATED)
_3942_/X                                  5     10     -5 (VIOLATED)
_3952_/X                                  5     10     -5 (VIOLATED)
_3975_/X                                  5     10     -5 (VIOLATED)
_3976_/Y                                  5     10     -5 (VIOLATED)
_3996_/X                                  5     10     -5 (VIOLATED)
_3998_/X                                  5     10     -5 (VIOLATED)
_4002_/X                                  5     10     -5 (VIOLATED)
_4027_/X                                  5     10     -5 (VIOLATED)
_4047_/X                                  5     10     -5 (VIOLATED)
_4048_/X                                  5     10     -5 (VIOLATED)
_4050_/X                                  5     10     -5 (VIOLATED)
_4060_/X                                  5     10     -5 (VIOLATED)
_4061_/X                                  5     10     -5 (VIOLATED)
_4072_/Y                                  5     10     -5 (VIOLATED)
_4112_/X                                  5     10     -5 (VIOLATED)
_4130_/X                                  5     10     -5 (VIOLATED)
_4147_/X                                  5     10     -5 (VIOLATED)
_4151_/X                                  5     10     -5 (VIOLATED)
_4196_/X                                  5     10     -5 (VIOLATED)
_4278_/X                                  5     10     -5 (VIOLATED)
_4385_/X                                  5     10     -5 (VIOLATED)
_4495_/X                                  5     10     -5 (VIOLATED)
_4537_/X                                  5     10     -5 (VIOLATED)
_4551_/X                                  5     10     -5 (VIOLATED)
_4552_/X                                  5     10     -5 (VIOLATED)
_4557_/X                                  5     10     -5 (VIOLATED)
_4567_/X                                  5     10     -5 (VIOLATED)
_4573_/X                                  5     10     -5 (VIOLATED)
_4628_/X                                  5     10     -5 (VIOLATED)
_4652_/X                                  5     10     -5 (VIOLATED)
_4924_/X                                  5     10     -5 (VIOLATED)
_4927_/X                                  5     10     -5 (VIOLATED)
_4944_/Y                                  5     10     -5 (VIOLATED)
_4946_/X                                  5     10     -5 (VIOLATED)
_4957_/Y                                  5     10     -5 (VIOLATED)
_4969_/X                                  5     10     -5 (VIOLATED)
_5030_/X                                  5     10     -5 (VIOLATED)
_5033_/X                                  5     10     -5 (VIOLATED)
_5162_/X                                  5     10     -5 (VIOLATED)
_5164_/X                                  5     10     -5 (VIOLATED)
_5203_/Y                                  5     10     -5 (VIOLATED)
_5204_/X                                  5     10     -5 (VIOLATED)
_5205_/X                                  5     10     -5 (VIOLATED)
_5248_/X                                  5     10     -5 (VIOLATED)
_5269_/X                                  5     10     -5 (VIOLATED)
_5270_/X                                  5     10     -5 (VIOLATED)
_5288_/X                                  5     10     -5 (VIOLATED)
_5292_/X                                  5     10     -5 (VIOLATED)
_5572_/X                                  5     10     -5 (VIOLATED)
_5597_/Y                                  5     10     -5 (VIOLATED)
_5620_/X                                  5     10     -5 (VIOLATED)
_5640_/X                                  5     10     -5 (VIOLATED)
_5686_/X                                  5     10     -5 (VIOLATED)
_5698_/X                                  5     10     -5 (VIOLATED)
_5733_/X                                  5     10     -5 (VIOLATED)
_5755_/X                                  5     10     -5 (VIOLATED)
_5765_/X                                  5     10     -5 (VIOLATED)
_5767_/X                                  5     10     -5 (VIOLATED)
_5770_/X                                  5     10     -5 (VIOLATED)
_5858_/Y                                  5     10     -5 (VIOLATED)
_5861_/X                                  5     10     -5 (VIOLATED)
_5871_/X                                  5     10     -5 (VIOLATED)
_5889_/X                                  5     10     -5 (VIOLATED)
_5904_/X                                  5     10     -5 (VIOLATED)
_5952_/X                                  5     10     -5 (VIOLATED)
_6059_/X                                  5     10     -5 (VIOLATED)
_6216_/X                                  5     10     -5 (VIOLATED)
_6291_/Q                                  5     10     -5 (VIOLATED)
clkbuf_3_6__f_wb_clk_i/X                  5      9     -4 (VIOLATED)
_3653_/X                                  5      8     -3 (VIOLATED)
_3750_/Y                                  5      8     -3 (VIOLATED)
_3783_/X                                  5      8     -3 (VIOLATED)
_3830_/Y                                  5      8     -3 (VIOLATED)
_3851_/Y                                  5      8     -3 (VIOLATED)
_4073_/X                                  5      8     -3 (VIOLATED)
_4490_/Y                                  5      8     -3 (VIOLATED)
_4493_/X                                  5      8     -3 (VIOLATED)
_4506_/X                                  5      8     -3 (VIOLATED)
_4510_/Y                                  5      8     -3 (VIOLATED)
_4512_/Y                                  5      8     -3 (VIOLATED)
_4518_/X                                  5      8     -3 (VIOLATED)
_4523_/X                                  5      8     -3 (VIOLATED)
_4534_/X                                  5      8     -3 (VIOLATED)
_4538_/Y                                  5      8     -3 (VIOLATED)
_4668_/X                                  5      8     -3 (VIOLATED)
_4820_/Y                                  5      8     -3 (VIOLATED)
_4923_/X                                  5      8     -3 (VIOLATED)
_4926_/X                                  5      8     -3 (VIOLATED)
_4968_/X                                  5      8     -3 (VIOLATED)
_5029_/X                                  5      8     -3 (VIOLATED)
_5066_/X                                  5      8     -3 (VIOLATED)
_5161_/X                                  5      8     -3 (VIOLATED)
_5575_/X                                  5      8     -3 (VIOLATED)
_5580_/Y                                  5      8     -3 (VIOLATED)
_5582_/Y                                  5      8     -3 (VIOLATED)
_5586_/Y                                  5      8     -3 (VIOLATED)
_6278_/Q                                  5      8     -3 (VIOLATED)
input1/X                                  5      8     -3 (VIOLATED)
_3381_/X                                  5      6        (VIOLATED)
_3448_/Y                                  5      6        (VIOLATED)
_3472_/X                                  5      6        (VIOLATED)
_3519_/Y                                  5      6        (VIOLATED)
_4499_/X                                  5      6        (VIOLATED)
_4502_/X                                  5      6        (VIOLATED)
_4503_/Y                                  5      6        (VIOLATED)
_5008_/X                                  5      6        (VIOLATED)
_5262_/X                                  5      6        (VIOLATED)
_5691_/Y                                  5      6        (VIOLATED)
_5992_/X                                  5      6        (VIOLATED)
_6280_/Q                                  5      6        (VIOLATED)
_6281_/Q                                  5      6        (VIOLATED)
_6284_/Q                                  5      6        (VIOLATED)
_6285_/Q                                  5      6        (VIOLATED)


======================= Typical Corner ===================================

max fanout

Pin                                   Limit Fanout  Slack
---------------------------------------------------------
clkbuf_3_2__f_wb_clk_i/X                  5     34    -29 (VIOLATED)
clkbuf_3_4__f_wb_clk_i/X                  5     24    -19 (VIOLATED)
clkbuf_3_0__f_wb_clk_i/X                  5     19    -14 (VIOLATED)
clkbuf_0_wb_clk_i/X                       5     16    -11 (VIOLATED)
clkbuf_3_3__f_wb_clk_i/X                  5     16    -11 (VIOLATED)
clkbuf_3_1__f_wb_clk_i/X                  5     15    -10 (VIOLATED)
clkbuf_3_5__f_wb_clk_i/X                  5     12     -7 (VIOLATED)
clkbuf_3_7__f_wb_clk_i/X                  5     11     -6 (VIOLATED)
_3189_/X                                  5     10     -5 (VIOLATED)
_3190_/X                                  5     10     -5 (VIOLATED)
_3196_/X                                  5     10     -5 (VIOLATED)
_3203_/X                                  5     10     -5 (VIOLATED)
_3209_/X                                  5     10     -5 (VIOLATED)
_3215_/X                                  5     10     -5 (VIOLATED)
_3221_/X                                  5     10     -5 (VIOLATED)
_3227_/X                                  5     10     -5 (VIOLATED)
_3234_/X                                  5     10     -5 (VIOLATED)
_3240_/X                                  5     10     -5 (VIOLATED)
_3246_/X                                  5     10     -5 (VIOLATED)
_3252_/X                                  5     10     -5 (VIOLATED)
_3258_/X                                  5     10     -5 (VIOLATED)
_3265_/X                                  5     10     -5 (VIOLATED)
_3271_/X                                  5     10     -5 (VIOLATED)
_3277_/X                                  5     10     -5 (VIOLATED)
_3283_/X                                  5     10     -5 (VIOLATED)
_3289_/X                                  5     10     -5 (VIOLATED)
_3295_/X                                  5     10     -5 (VIOLATED)
_3301_/X                                  5     10     -5 (VIOLATED)
_3307_/X                                  5     10     -5 (VIOLATED)
_3313_/X                                  5     10     -5 (VIOLATED)
_3327_/X                                  5     10     -5 (VIOLATED)
_3331_/X                                  5     10     -5 (VIOLATED)
_3333_/X                                  5     10     -5 (VIOLATED)
_3337_/X                                  5     10     -5 (VIOLATED)
_3344_/X                                  5     10     -5 (VIOLATED)
_3349_/X                                  5     10     -5 (VIOLATED)
_3354_/X                                  5     10     -5 (VIOLATED)
_3361_/X                                  5     10     -5 (VIOLATED)
_3371_/X                                  5     10     -5 (VIOLATED)
_3378_/X                                  5     10     -5 (VIOLATED)
_3386_/X                                  5     10     -5 (VIOLATED)
_3391_/X                                  5     10     -5 (VIOLATED)
_3393_/X                                  5     10     -5 (VIOLATED)
_3402_/X                                  5     10     -5 (VIOLATED)
_3410_/Y                                  5     10     -5 (VIOLATED)
_3419_/X                                  5     10     -5 (VIOLATED)
_3425_/X                                  5     10     -5 (VIOLATED)
_3427_/X                                  5     10     -5 (VIOLATED)
_3455_/X                                  5     10     -5 (VIOLATED)
_3467_/Y                                  5     10     -5 (VIOLATED)
_3471_/Y                                  5     10     -5 (VIOLATED)
_3556_/Y                                  5     10     -5 (VIOLATED)
_3571_/X                                  5     10     -5 (VIOLATED)
_3576_/X                                  5     10     -5 (VIOLATED)
_3579_/Y                                  5     10     -5 (VIOLATED)
_3677_/X                                  5     10     -5 (VIOLATED)
_3682_/X                                  5     10     -5 (VIOLATED)
_3721_/X                                  5     10     -5 (VIOLATED)
_3724_/X                                  5     10     -5 (VIOLATED)
_3727_/X                                  5     10     -5 (VIOLATED)
_3728_/X                                  5     10     -5 (VIOLATED)
_3752_/X                                  5     10     -5 (VIOLATED)
_3787_/X                                  5     10     -5 (VIOLATED)
_3796_/X                                  5     10     -5 (VIOLATED)
_3860_/X                                  5     10     -5 (VIOLATED)
_3872_/X                                  5     10     -5 (VIOLATED)
_3877_/X                                  5     10     -5 (VIOLATED)
_3904_/X                                  5     10     -5 (VIOLATED)
_3942_/X                                  5     10     -5 (VIOLATED)
_3952_/X                                  5     10     -5 (VIOLATED)
_3975_/X                                  5     10     -5 (VIOLATED)
_3976_/Y                                  5     10     -5 (VIOLATED)
_3996_/X                                  5     10     -5 (VIOLATED)
_3998_/X                                  5     10     -5 (VIOLATED)
_4002_/X                                  5     10     -5 (VIOLATED)
_4027_/X                                  5     10     -5 (VIOLATED)
_4047_/X                                  5     10     -5 (VIOLATED)
_4048_/X                                  5     10     -5 (VIOLATED)
_4050_/X                                  5     10     -5 (VIOLATED)
_4060_/X                                  5     10     -5 (VIOLATED)
_4061_/X                                  5     10     -5 (VIOLATED)
_4072_/Y                                  5     10     -5 (VIOLATED)
_4112_/X                                  5     10     -5 (VIOLATED)
_4130_/X                                  5     10     -5 (VIOLATED)
_4147_/X                                  5     10     -5 (VIOLATED)
_4151_/X                                  5     10     -5 (VIOLATED)
_4196_/X                                  5     10     -5 (VIOLATED)
_4278_/X                                  5     10     -5 (VIOLATED)
_4385_/X                                  5     10     -5 (VIOLATED)
_4495_/X                                  5     10     -5 (VIOLATED)
_4537_/X                                  5     10     -5 (VIOLATED)
_4551_/X                                  5     10     -5 (VIOLATED)
_4552_/X                                  5     10     -5 (VIOLATED)
_4557_/X                                  5     10     -5 (VIOLATED)
_4567_/X                                  5     10     -5 (VIOLATED)
_4573_/X                                  5     10     -5 (VIOLATED)
_4628_/X                                  5     10     -5 (VIOLATED)
_4652_/X                                  5     10     -5 (VIOLATED)
_4924_/X                                  5     10     -5 (VIOLATED)
_4927_/X                                  5     10     -5 (VIOLATED)
_4944_/Y                                  5     10     -5 (VIOLATED)
_4946_/X                                  5     10     -5 (VIOLATED)
_4957_/Y                                  5     10     -5 (VIOLATED)
_4969_/X                                  5     10     -5 (VIOLATED)
_5030_/X                                  5     10     -5 (VIOLATED)
_5033_/X                                  5     10     -5 (VIOLATED)
_5162_/X                                  5     10     -5 (VIOLATED)
_5164_/X                                  5     10     -5 (VIOLATED)
_5203_/Y                                  5     10     -5 (VIOLATED)
_5204_/X                                  5     10     -5 (VIOLATED)
_5205_/X                                  5     10     -5 (VIOLATED)
_5248_/X                                  5     10     -5 (VIOLATED)
_5269_/X                                  5     10     -5 (VIOLATED)
_5270_/X                                  5     10     -5 (VIOLATED)
_5288_/X                                  5     10     -5 (VIOLATED)
_5292_/X                                  5     10     -5 (VIOLATED)
_5572_/X                                  5     10     -5 (VIOLATED)
_5597_/Y                                  5     10     -5 (VIOLATED)
_5620_/X                                  5     10     -5 (VIOLATED)
_5640_/X                                  5     10     -5 (VIOLATED)
_5686_/X                                  5     10     -5 (VIOLATED)
_5698_/X                                  5     10     -5 (VIOLATED)
_5733_/X                                  5     10     -5 (VIOLATED)
_5755_/X                                  5     10     -5 (VIOLATED)
_5765_/X                                  5     10     -5 (VIOLATED)
_5767_/X                                  5     10     -5 (VIOLATED)
_5770_/X                                  5     10     -5 (VIOLATED)
_5858_/Y                                  5     10     -5 (VIOLATED)
_5861_/X                                  5     10     -5 (VIOLATED)
_5871_/X                                  5     10     -5 (VIOLATED)
_5889_/X                                  5     10     -5 (VIOLATED)
_5904_/X                                  5     10     -5 (VIOLATED)
_5952_/X                                  5     10     -5 (VIOLATED)
_6059_/X                                  5     10     -5 (VIOLATED)
_6216_/X                                  5     10     -5 (VIOLATED)
_6291_/Q                                  5     10     -5 (VIOLATED)
clkbuf_3_6__f_wb_clk_i/X                  5      9     -4 (VIOLATED)
_3653_/X                                  5      8     -3 (VIOLATED)
_3750_/Y                                  5      8     -3 (VIOLATED)
_3783_/X                                  5      8     -3 (VIOLATED)
_3830_/Y                                  5      8     -3 (VIOLATED)
_3851_/Y                                  5      8     -3 (VIOLATED)
_4073_/X                                  5      8     -3 (VIOLATED)
_4490_/Y                                  5      8     -3 (VIOLATED)
_4493_/X                                  5      8     -3 (VIOLATED)
_4506_/X                                  5      8     -3 (VIOLATED)
_4510_/Y                                  5      8     -3 (VIOLATED)
_4512_/Y                                  5      8     -3 (VIOLATED)
_4518_/X                                  5      8     -3 (VIOLATED)
_4523_/X                                  5      8     -3 (VIOLATED)
_4534_/X                                  5      8     -3 (VIOLATED)
_4538_/Y                                  5      8     -3 (VIOLATED)
_4668_/X                                  5      8     -3 (VIOLATED)
_4820_/Y                                  5      8     -3 (VIOLATED)
_4923_/X                                  5      8     -3 (VIOLATED)
_4926_/X                                  5      8     -3 (VIOLATED)
_4968_/X                                  5      8     -3 (VIOLATED)
_5029_/X                                  5      8     -3 (VIOLATED)
_5066_/X                                  5      8     -3 (VIOLATED)
_5161_/X                                  5      8     -3 (VIOLATED)
_5575_/X                                  5      8     -3 (VIOLATED)
_5580_/Y                                  5      8     -3 (VIOLATED)
_5582_/Y                                  5      8     -3 (VIOLATED)
_5586_/Y                                  5      8     -3 (VIOLATED)
_6278_/Q                                  5      8     -3 (VIOLATED)
input1/X                                  5      8     -3 (VIOLATED)
_3381_/X                                  5      6        (VIOLATED)
_3448_/Y                                  5      6        (VIOLATED)
_3472_/X                                  5      6        (VIOLATED)
_3519_/Y                                  5      6        (VIOLATED)
_4499_/X                                  5      6        (VIOLATED)
_4502_/X                                  5      6        (VIOLATED)
_4503_/Y                                  5      6        (VIOLATED)
_5008_/X                                  5      6        (VIOLATED)
_5262_/X                                  5      6        (VIOLATED)
_5691_/Y                                  5      6        (VIOLATED)
_5992_/X                                  5      6        (VIOLATED)
_6280_/Q                                  5      6        (VIOLATED)
_6281_/Q                                  5      6        (VIOLATED)
_6284_/Q                                  5      6        (VIOLATED)
_6285_/Q                                  5      6        (VIOLATED)


======================= Fastest Corner ===================================

max fanout

Pin                                   Limit Fanout  Slack
---------------------------------------------------------
clkbuf_3_2__f_wb_clk_i/X                  5     34    -29 (VIOLATED)
clkbuf_3_4__f_wb_clk_i/X                  5     24    -19 (VIOLATED)
clkbuf_3_0__f_wb_clk_i/X                  5     19    -14 (VIOLATED)
clkbuf_0_wb_clk_i/X                       5     16    -11 (VIOLATED)
clkbuf_3_3__f_wb_clk_i/X                  5     16    -11 (VIOLATED)
clkbuf_3_1__f_wb_clk_i/X                  5     15    -10 (VIOLATED)
clkbuf_3_5__f_wb_clk_i/X                  5     12     -7 (VIOLATED)
clkbuf_3_7__f_wb_clk_i/X                  5     11     -6 (VIOLATED)
_3189_/X                                  5     10     -5 (VIOLATED)
_3190_/X                                  5     10     -5 (VIOLATED)
_3196_/X                                  5     10     -5 (VIOLATED)
_3203_/X                                  5     10     -5 (VIOLATED)
_3209_/X                                  5     10     -5 (VIOLATED)
_3215_/X                                  5     10     -5 (VIOLATED)
_3221_/X                                  5     10     -5 (VIOLATED)
_3227_/X                                  5     10     -5 (VIOLATED)
_3234_/X                                  5     10     -5 (VIOLATED)
_3240_/X                                  5     10     -5 (VIOLATED)
_3246_/X                                  5     10     -5 (VIOLATED)
_3252_/X                                  5     10     -5 (VIOLATED)
_3258_/X                                  5     10     -5 (VIOLATED)
_3265_/X                                  5     10     -5 (VIOLATED)
_3271_/X                                  5     10     -5 (VIOLATED)
_3277_/X                                  5     10     -5 (VIOLATED)
_3283_/X                                  5     10     -5 (VIOLATED)
_3289_/X                                  5     10     -5 (VIOLATED)
_3295_/X                                  5     10     -5 (VIOLATED)
_3301_/X                                  5     10     -5 (VIOLATED)
_3307_/X                                  5     10     -5 (VIOLATED)
_3313_/X                                  5     10     -5 (VIOLATED)
_3327_/X                                  5     10     -5 (VIOLATED)
_3331_/X                                  5     10     -5 (VIOLATED)
_3333_/X                                  5     10     -5 (VIOLATED)
_3337_/X                                  5     10     -5 (VIOLATED)
_3344_/X                                  5     10     -5 (VIOLATED)
_3349_/X                                  5     10     -5 (VIOLATED)
_3354_/X                                  5     10     -5 (VIOLATED)
_3361_/X                                  5     10     -5 (VIOLATED)
_3371_/X                                  5     10     -5 (VIOLATED)
_3378_/X                                  5     10     -5 (VIOLATED)
_3386_/X                                  5     10     -5 (VIOLATED)
_3391_/X                                  5     10     -5 (VIOLATED)
_3393_/X                                  5     10     -5 (VIOLATED)
_3402_/X                                  5     10     -5 (VIOLATED)
_3410_/Y                                  5     10     -5 (VIOLATED)
_3419_/X                                  5     10     -5 (VIOLATED)
_3425_/X                                  5     10     -5 (VIOLATED)
_3427_/X                                  5     10     -5 (VIOLATED)
_3455_/X                                  5     10     -5 (VIOLATED)
_3467_/Y                                  5     10     -5 (VIOLATED)
_3471_/Y                                  5     10     -5 (VIOLATED)
_3556_/Y                                  5     10     -5 (VIOLATED)
_3571_/X                                  5     10     -5 (VIOLATED)
_3576_/X                                  5     10     -5 (VIOLATED)
_3579_/Y                                  5     10     -5 (VIOLATED)
_3677_/X                                  5     10     -5 (VIOLATED)
_3682_/X                                  5     10     -5 (VIOLATED)
_3721_/X                                  5     10     -5 (VIOLATED)
_3724_/X                                  5     10     -5 (VIOLATED)
_3727_/X                                  5     10     -5 (VIOLATED)
_3728_/X                                  5     10     -5 (VIOLATED)
_3752_/X                                  5     10     -5 (VIOLATED)
_3787_/X                                  5     10     -5 (VIOLATED)
_3796_/X                                  5     10     -5 (VIOLATED)
_3860_/X                                  5     10     -5 (VIOLATED)
_3872_/X                                  5     10     -5 (VIOLATED)
_3877_/X                                  5     10     -5 (VIOLATED)
_3904_/X                                  5     10     -5 (VIOLATED)
_3942_/X                                  5     10     -5 (VIOLATED)
_3952_/X                                  5     10     -5 (VIOLATED)
_3975_/X                                  5     10     -5 (VIOLATED)
_3976_/Y                                  5     10     -5 (VIOLATED)
_3996_/X                                  5     10     -5 (VIOLATED)
_3998_/X                                  5     10     -5 (VIOLATED)
_4002_/X                                  5     10     -5 (VIOLATED)
_4027_/X                                  5     10     -5 (VIOLATED)
_4047_/X                                  5     10     -5 (VIOLATED)
_4048_/X                                  5     10     -5 (VIOLATED)
_4050_/X                                  5     10     -5 (VIOLATED)
_4060_/X                                  5     10     -5 (VIOLATED)
_4061_/X                                  5     10     -5 (VIOLATED)
_4072_/Y                                  5     10     -5 (VIOLATED)
_4112_/X                                  5     10     -5 (VIOLATED)
_4130_/X                                  5     10     -5 (VIOLATED)
_4147_/X                                  5     10     -5 (VIOLATED)
_4151_/X                                  5     10     -5 (VIOLATED)
_4196_/X                                  5     10     -5 (VIOLATED)
_4278_/X                                  5     10     -5 (VIOLATED)
_4385_/X                                  5     10     -5 (VIOLATED)
_4495_/X                                  5     10     -5 (VIOLATED)
_4537_/X                                  5     10     -5 (VIOLATED)
_4551_/X                                  5     10     -5 (VIOLATED)
_4552_/X                                  5     10     -5 (VIOLATED)
_4557_/X                                  5     10     -5 (VIOLATED)
_4567_/X                                  5     10     -5 (VIOLATED)
_4573_/X                                  5     10     -5 (VIOLATED)
_4628_/X                                  5     10     -5 (VIOLATED)
_4652_/X                                  5     10     -5 (VIOLATED)
_4924_/X                                  5     10     -5 (VIOLATED)
_4927_/X                                  5     10     -5 (VIOLATED)
_4944_/Y                                  5     10     -5 (VIOLATED)
_4946_/X                                  5     10     -5 (VIOLATED)
_4957_/Y                                  5     10     -5 (VIOLATED)
_4969_/X                                  5     10     -5 (VIOLATED)
_5030_/X                                  5     10     -5 (VIOLATED)
_5033_/X                                  5     10     -5 (VIOLATED)
_5162_/X                                  5     10     -5 (VIOLATED)
_5164_/X                                  5     10     -5 (VIOLATED)
_5203_/Y                                  5     10     -5 (VIOLATED)
_5204_/X                                  5     10     -5 (VIOLATED)
_5205_/X                                  5     10     -5 (VIOLATED)
_5248_/X                                  5     10     -5 (VIOLATED)
_5269_/X                                  5     10     -5 (VIOLATED)
_5270_/X                                  5     10     -5 (VIOLATED)
_5288_/X                                  5     10     -5 (VIOLATED)
_5292_/X                                  5     10     -5 (VIOLATED)
_5572_/X                                  5     10     -5 (VIOLATED)
_5597_/Y                                  5     10     -5 (VIOLATED)
_5620_/X                                  5     10     -5 (VIOLATED)
_5640_/X                                  5     10     -5 (VIOLATED)
_5686_/X                                  5     10     -5 (VIOLATED)
_5698_/X                                  5     10     -5 (VIOLATED)
_5733_/X                                  5     10     -5 (VIOLATED)
_5755_/X                                  5     10     -5 (VIOLATED)
_5765_/X                                  5     10     -5 (VIOLATED)
_5767_/X                                  5     10     -5 (VIOLATED)
_5770_/X                                  5     10     -5 (VIOLATED)
_5858_/Y                                  5     10     -5 (VIOLATED)
_5861_/X                                  5     10     -5 (VIOLATED)
_5871_/X                                  5     10     -5 (VIOLATED)
_5889_/X                                  5     10     -5 (VIOLATED)
_5904_/X                                  5     10     -5 (VIOLATED)
_5952_/X                                  5     10     -5 (VIOLATED)
_6059_/X                                  5     10     -5 (VIOLATED)
_6216_/X                                  5     10     -5 (VIOLATED)
_6291_/Q                                  5     10     -5 (VIOLATED)
clkbuf_3_6__f_wb_clk_i/X                  5      9     -4 (VIOLATED)
_3653_/X                                  5      8     -3 (VIOLATED)
_3750_/Y                                  5      8     -3 (VIOLATED)
_3783_/X                                  5      8     -3 (VIOLATED)
_3830_/Y                                  5      8     -3 (VIOLATED)
_3851_/Y                                  5      8     -3 (VIOLATED)
_4073_/X                                  5      8     -3 (VIOLATED)
_4490_/Y                                  5      8     -3 (VIOLATED)
_4493_/X                                  5      8     -3 (VIOLATED)
_4506_/X                                  5      8     -3 (VIOLATED)
_4510_/Y                                  5      8     -3 (VIOLATED)
_4512_/Y                                  5      8     -3 (VIOLATED)
_4518_/X                                  5      8     -3 (VIOLATED)
_4523_/X                                  5      8     -3 (VIOLATED)
_4534_/X                                  5      8     -3 (VIOLATED)
_4538_/Y                                  5      8     -3 (VIOLATED)
_4668_/X                                  5      8     -3 (VIOLATED)
_4820_/Y                                  5      8     -3 (VIOLATED)
_4923_/X                                  5      8     -3 (VIOLATED)
_4926_/X                                  5      8     -3 (VIOLATED)
_4968_/X                                  5      8     -3 (VIOLATED)
_5029_/X                                  5      8     -3 (VIOLATED)
_5066_/X                                  5      8     -3 (VIOLATED)
_5161_/X                                  5      8     -3 (VIOLATED)
_5575_/X                                  5      8     -3 (VIOLATED)
_5580_/Y                                  5      8     -3 (VIOLATED)
_5582_/Y                                  5      8     -3 (VIOLATED)
_5586_/Y                                  5      8     -3 (VIOLATED)
_6278_/Q                                  5      8     -3 (VIOLATED)
input1/X                                  5      8     -3 (VIOLATED)
_3381_/X                                  5      6        (VIOLATED)
_3448_/Y                                  5      6        (VIOLATED)
_3472_/X                                  5      6        (VIOLATED)
_3519_/Y                                  5      6        (VIOLATED)
_4499_/X                                  5      6        (VIOLATED)
_4502_/X                                  5      6        (VIOLATED)
_4503_/Y                                  5      6        (VIOLATED)
_5008_/X                                  5      6        (VIOLATED)
_5262_/X                                  5      6        (VIOLATED)
_5691_/Y                                  5      6        (VIOLATED)
_5992_/X                                  5      6        (VIOLATED)
_6280_/Q                                  5      6        (VIOLATED)
_6281_/Q                                  5      6        (VIOLATED)
_6284_/Q                                  5      6        (VIOLATED)
_6285_/Q                                  5      6        (VIOLATED)


===========================================================================
max slew violation count 0
max fanout violation count 181
max cap violation count 0
============================================================================
