
===========================================================================
report_checks -unconstrained
============================================================================
Startpoint: _6303_ (rising edge-triggered flip-flop clocked by wb_clk_i)
Endpoint: io_out[15] (output port clocked by wb_clk_i)
Path Group: wb_clk_i
Path Type: max

Fanout     Cap    Slew   Delay    Time   Description
-----------------------------------------------------------------------------
                  0.15    0.00    0.00   clock wb_clk_i (rise edge)
                          0.00    0.00   clock network delay (ideal)
                  0.15    0.00    0.00 ^ _6303_/CLK (sky130_fd_sc_hd__dfxtp_2)
                  0.05    0.39    0.39 v _6303_/Q (sky130_fd_sc_hd__dfxtp_2)
     5    0.01                           hsv_mixer0.enc0[9] (net)
                  0.05    0.00    0.39 v _3397_/A2 (sky130_fd_sc_hd__a2111o_2)
                  0.10    0.54    0.93 v _3397_/X (sky130_fd_sc_hd__a2111o_2)
     4    0.02                           _2526_ (net)
                  0.10    0.00    0.93 v _3418_/C (sky130_fd_sc_hd__or4_2)
                  0.15    0.74    1.67 v _3418_/X (sky130_fd_sc_hd__or4_2)
     4    0.02                           _2547_ (net)
                  0.15    0.00    1.67 v _3420_/A (sky130_fd_sc_hd__xor2_2)
                  0.07    0.23    1.90 v _3420_/X (sky130_fd_sc_hd__xor2_2)
     3    0.01                           _2549_ (net)
                  0.07    0.00    1.90 v _3645_/D (sky130_fd_sc_hd__and4_2)
                  0.05    0.27    2.17 v _3645_/X (sky130_fd_sc_hd__and4_2)
     3    0.01                           _2774_ (net)
                  0.05    0.00    2.17 v _3647_/B (sky130_fd_sc_hd__or3_2)
                  0.09    0.49    2.67 v _3647_/X (sky130_fd_sc_hd__or3_2)
     2    0.01                           _2776_ (net)
                  0.09    0.00    2.67 v _3650_/A1 (sky130_fd_sc_hd__a21o_2)
                  0.06    0.24    2.91 v _3650_/X (sky130_fd_sc_hd__a21o_2)
     3    0.01                           _2779_ (net)
                  0.06    0.00    2.91 v _3658_/A2 (sky130_fd_sc_hd__a21o_2)
                  0.04    0.23    3.15 v _3658_/X (sky130_fd_sc_hd__a21o_2)
     2    0.01                           _2787_ (net)
                  0.04    0.00    3.15 v _3660_/A2 (sky130_fd_sc_hd__a21o_2)
                  0.04    0.23    3.38 v _3660_/X (sky130_fd_sc_hd__a21o_2)
     2    0.01                           _2789_ (net)
                  0.04    0.00    3.38 v _3665_/A2 (sky130_fd_sc_hd__a21o_2)
                  0.04    0.23    3.60 v _3665_/X (sky130_fd_sc_hd__a21o_2)
     2    0.01                           _2794_ (net)
                  0.04    0.00    3.60 v _3666_/C1 (sky130_fd_sc_hd__o211a_2)
                  0.05    0.13    3.74 v _3666_/X (sky130_fd_sc_hd__o211a_2)
     3    0.01                           _2795_ (net)
                  0.05    0.00    3.74 v _3668_/B (sky130_fd_sc_hd__or3_2)
                  0.10    0.50    4.24 v _3668_/X (sky130_fd_sc_hd__or3_2)
     3    0.01                           _2797_ (net)
                  0.10    0.00    4.24 v _3672_/A (sky130_fd_sc_hd__and3_2)
                  0.05    0.22    4.46 v _3672_/X (sky130_fd_sc_hd__and3_2)
     2    0.01                           _2801_ (net)
                  0.05    0.00    4.46 v _3685_/B1 (sky130_fd_sc_hd__a211o_2)
                  0.08    0.36    4.82 v _3685_/X (sky130_fd_sc_hd__a211o_2)
     4    0.01                           _2814_ (net)
                  0.08    0.00    4.82 v _3748_/A3 (sky130_fd_sc_hd__a31o_2)
                  0.05    0.29    5.11 v _3748_/X (sky130_fd_sc_hd__a31o_2)
     1    0.01                           _2877_ (net)
                  0.05    0.00    5.11 v _3749_/B (sky130_fd_sc_hd__xnor2_2)
                  0.09    0.17    5.28 v _3749_/Y (sky130_fd_sc_hd__xnor2_2)
     3    0.02                           _2878_ (net)
                  0.09    0.00    5.28 v _3782_/B (sky130_fd_sc_hd__or3b_2)
                  0.07    0.46    5.74 v _3782_/X (sky130_fd_sc_hd__or3b_2)
     1    0.00                           _2911_ (net)
                  0.07    0.00    5.74 v _3783_/A (sky130_fd_sc_hd__buf_1)
                  0.17    0.22    5.97 v _3783_/X (sky130_fd_sc_hd__buf_1)
     4    0.03                           _2912_ (net)
                  0.17    0.00    5.97 v _3785_/A (sky130_fd_sc_hd__nand2_2)
                  0.06    0.11    6.08 ^ _3785_/Y (sky130_fd_sc_hd__nand2_2)
     2    0.01                           _2914_ (net)
                  0.06    0.00    6.08 ^ _3786_/A (sky130_fd_sc_hd__buf_1)
                  0.27    0.25    6.34 ^ _3786_/X (sky130_fd_sc_hd__buf_1)
     5    0.02                           _2915_ (net)
                  0.27    0.00    6.34 ^ _3787_/A (sky130_fd_sc_hd__buf_1)
                  0.33    0.34    6.67 ^ _3787_/X (sky130_fd_sc_hd__buf_1)
     5    0.03                           _2916_ (net)
                  0.33    0.00    6.67 ^ _4166_/B (sky130_fd_sc_hd__nand2_2)
                  0.11    0.15    6.82 v _4166_/Y (sky130_fd_sc_hd__nand2_2)
     2    0.02                           _0431_ (net)
                  0.11    0.00    6.82 v _4172_/A (sky130_fd_sc_hd__xnor2_2)
                  0.22    0.27    7.09 ^ _4172_/Y (sky130_fd_sc_hd__xnor2_2)
     2    0.01                           _0437_ (net)
                  0.22    0.00    7.09 ^ _4217_/B (sky130_fd_sc_hd__xnor2_2)
                  0.18    0.17    7.26 ^ _4217_/Y (sky130_fd_sc_hd__xnor2_2)
     2    0.01                           _0482_ (net)
                  0.18    0.00    7.26 ^ _4220_/B (sky130_fd_sc_hd__xnor2_2)
                  0.19    0.16    7.42 ^ _4220_/Y (sky130_fd_sc_hd__xnor2_2)
     2    0.01                           _0485_ (net)
                  0.19    0.00    7.42 ^ _4221_/B_N (sky130_fd_sc_hd__or2b_2)
                  0.05    0.32    7.74 v _4221_/X (sky130_fd_sc_hd__or2b_2)
     1    0.00                           _0486_ (net)
                  0.05    0.00    7.74 v _4222_/B (sky130_fd_sc_hd__and2_2)
                  0.06    0.23    7.97 v _4222_/X (sky130_fd_sc_hd__and2_2)
     2    0.01                           _0487_ (net)
                  0.06    0.00    7.97 v _4223_/B (sky130_fd_sc_hd__xor2_2)
                  0.26    0.26    8.22 ^ _4223_/X (sky130_fd_sc_hd__xor2_2)
     3    0.02                           _0488_ (net)
                  0.26    0.00    8.22 ^ _4473_/A1 (sky130_fd_sc_hd__a211oi_2)
                  0.10    0.15    8.37 v _4473_/Y (sky130_fd_sc_hd__a211oi_2)
     3    0.01                           _0738_ (net)
                  0.10    0.00    8.37 v _4502_/B (sky130_fd_sc_hd__or3_2)
                  0.13    0.57    8.94 v _4502_/X (sky130_fd_sc_hd__or3_2)
     3    0.02                           _0767_ (net)
                  0.13    0.00    8.94 v _4547_/A1 (sky130_fd_sc_hd__a21o_2)
                  0.06    0.25    9.20 v _4547_/X (sky130_fd_sc_hd__a21o_2)
     3    0.01                           _0812_ (net)
                  0.06    0.00    9.20 v _4548_/C (sky130_fd_sc_hd__and3_2)
                  0.03    0.21    9.41 v _4548_/X (sky130_fd_sc_hd__and3_2)
     1    0.00                           _0813_ (net)
                  0.03    0.00    9.41 v _4550_/A (sky130_fd_sc_hd__or2_2)
                  0.06    0.31    9.72 v _4550_/X (sky130_fd_sc_hd__or2_2)
     2    0.01                           _0815_ (net)
                  0.06    0.00    9.72 v _4601_/A1 (sky130_fd_sc_hd__o221a_2)
                  0.04    0.30   10.02 v _4601_/X (sky130_fd_sc_hd__o221a_2)
     1    0.00                           _0866_ (net)
                  0.04    0.00   10.02 v _4611_/A (sky130_fd_sc_hd__or4_2)
                  0.09    0.67   10.69 v _4611_/X (sky130_fd_sc_hd__or4_2)
     1    0.00                           _0876_ (net)
                  0.09    0.00   10.69 v _4612_/C (sky130_fd_sc_hd__or3_2)
                  0.07    0.43   11.12 v _4612_/X (sky130_fd_sc_hd__or3_2)
     1    0.00                           _0877_ (net)
                  0.07    0.00   11.12 v _4616_/A2 (sky130_fd_sc_hd__a31o_2)
                  0.04    0.25   11.37 v _4616_/X (sky130_fd_sc_hd__a31o_2)
     1    0.00                           _0881_ (net)
                  0.04    0.00   11.37 v _4620_/A2 (sky130_fd_sc_hd__a2111o_2)
                  0.08    0.50   11.87 v _4620_/X (sky130_fd_sc_hd__a2111o_2)
     2    0.01                           _0885_ (net)
                  0.08    0.00   11.87 v _4623_/A2 (sky130_fd_sc_hd__a21o_2)
                  0.06    0.26   12.14 v _4623_/X (sky130_fd_sc_hd__a21o_2)
     5    0.01                           _0888_ (net)
                  0.06    0.00   12.14 v _4625_/A2 (sky130_fd_sc_hd__a2111o_2)
                  0.10    0.54   12.68 v _4625_/X (sky130_fd_sc_hd__a2111o_2)
     3    0.01                           _0890_ (net)
                  0.10    0.00   12.68 v _4626_/C (sky130_fd_sc_hd__or3_2)
                  0.12    0.52   13.19 v _4626_/X (sky130_fd_sc_hd__or3_2)
     3    0.02                           _0891_ (net)
                  0.12    0.00   13.19 v _5702_/B (sky130_fd_sc_hd__xnor2_2)
                  0.11    0.18   13.38 v _5702_/Y (sky130_fd_sc_hd__xnor2_2)
     3    0.01                           _1967_ (net)
                  0.11    0.00   13.38 v _5780_/B2 (sky130_fd_sc_hd__o22a_2)
                  0.03    0.20   13.58 v _5780_/X (sky130_fd_sc_hd__o22a_2)
     1    0.00                           _2044_ (net)
                  0.03    0.00   13.58 v _5781_/B1 (sky130_fd_sc_hd__o2bb2a_2)
                  0.05    0.28   13.86 v _5781_/X (sky130_fd_sc_hd__o2bb2a_2)
     2    0.01                           _2045_ (net)
                  0.05    0.00   13.86 v _5810_/B1 (sky130_fd_sc_hd__a22o_2)
                  0.04    0.21   14.07 v _5810_/X (sky130_fd_sc_hd__a22o_2)
     1    0.00                           _2074_ (net)
                  0.04    0.00   14.07 v _5811_/B1 (sky130_fd_sc_hd__a21o_2)
                  0.04    0.20   14.27 v _5811_/X (sky130_fd_sc_hd__a21o_2)
     1    0.00                           _2075_ (net)
                  0.04    0.00   14.27 v _5812_/B2 (sky130_fd_sc_hd__a221oi_2)
                  0.24    0.28   14.55 ^ _5812_/Y (sky130_fd_sc_hd__a221oi_2)
     1    0.01                           hsv_mixer0.pwm1.out (net)
                  0.24    0.00   14.55 ^ _6537_/A (sky130_fd_sc_hd__ebufn_2)
                  0.83    0.77   15.31 ^ _6537_/Z (sky130_fd_sc_hd__ebufn_2)
     1    0.04                           io_out[15] (net)
                  0.83    0.02   15.33 ^ io_out[15] (out)
                                 15.33   data arrival time

                  0.15   20.00   20.00   clock wb_clk_i (rise edge)
                          0.00   20.00   clock network delay (ideal)
                         -0.25   19.75   clock uncertainty
                          0.00   19.75   clock reconvergence pessimism
                         -4.00   15.75   output external delay
                                 15.75   data required time
-----------------------------------------------------------------------------
                                 15.75   data required time
                                -15.33   data arrival time
-----------------------------------------------------------------------------
                                  0.42   slack (MET)



===========================================================================
report_checks --slack_max -0.01
============================================================================
No paths found.
